Archive member included to satisfy reference by file (symbol)

c:/program files (x86)/atmel/studio/7.0/toolchain/arm/arm-gnu-toolchain/bin/../lib/gcc/arm-none-eabi/6.3.1/../../../../arm-none-eabi/lib/thumb/v6-m\libm.a(lib_a-wf_sqrt.o)
                              src/Analog.o (sqrtf)
c:/program files (x86)/atmel/studio/7.0/toolchain/arm/arm-gnu-toolchain/bin/../lib/gcc/arm-none-eabi/6.3.1/../../../../arm-none-eabi/lib/thumb/v6-m\libm.a(lib_a-ef_sqrt.o)
                              c:/program files (x86)/atmel/studio/7.0/toolchain/arm/arm-gnu-toolchain/bin/../lib/gcc/arm-none-eabi/6.3.1/../../../../arm-none-eabi/lib/thumb/v6-m\libm.a(lib_a-wf_sqrt.o) (__ieee754_sqrtf)
c:/program files (x86)/atmel/studio/7.0/toolchain/arm/arm-gnu-toolchain/bin/../lib/gcc/arm-none-eabi/6.3.1/../../../../arm-none-eabi/lib/thumb/v6-m\libm.a(lib_a-s_lib_ver.o)
                              c:/program files (x86)/atmel/studio/7.0/toolchain/arm/arm-gnu-toolchain/bin/../lib/gcc/arm-none-eabi/6.3.1/../../../../arm-none-eabi/lib/thumb/v6-m\libm.a(lib_a-wf_sqrt.o) (__fdlib_version)
c:/program files (x86)/atmel/studio/7.0/toolchain/arm/arm-gnu-toolchain/bin/../lib/gcc/arm-none-eabi/6.3.1/../../../../arm-none-eabi/lib/thumb/v6-m\libm.a(lib_a-s_matherr.o)
                              c:/program files (x86)/atmel/studio/7.0/toolchain/arm/arm-gnu-toolchain/bin/../lib/gcc/arm-none-eabi/6.3.1/../../../../arm-none-eabi/lib/thumb/v6-m\libm.a(lib_a-wf_sqrt.o) (matherr)
c:/program files (x86)/atmel/studio/7.0/toolchain/arm/arm-gnu-toolchain/bin/../lib/gcc/arm-none-eabi/6.3.1/thumb/v6-m\libgcc.a(_udivsi3.o)
                              src/ASF/sam0/drivers/nvm/nvm.o (__aeabi_uidiv)
c:/program files (x86)/atmel/studio/7.0/toolchain/arm/arm-gnu-toolchain/bin/../lib/gcc/arm-none-eabi/6.3.1/thumb/v6-m\libgcc.a(_divsi3.o)
                              src/ASF/sam0/drivers/usb/stack_interface/usb_device_udd.o (__aeabi_idivmod)
c:/program files (x86)/atmel/studio/7.0/toolchain/arm/arm-gnu-toolchain/bin/../lib/gcc/arm-none-eabi/6.3.1/thumb/v6-m\libgcc.a(_dvmd_tls.o)
                              c:/program files (x86)/atmel/studio/7.0/toolchain/arm/arm-gnu-toolchain/bin/../lib/gcc/arm-none-eabi/6.3.1/thumb/v6-m\libgcc.a(_udivsi3.o) (__aeabi_idiv0)
c:/program files (x86)/atmel/studio/7.0/toolchain/arm/arm-gnu-toolchain/bin/../lib/gcc/arm-none-eabi/6.3.1/thumb/v6-m\libgcc.a(_arm_cmpsf2.o)
                              c:/program files (x86)/atmel/studio/7.0/toolchain/arm/arm-gnu-toolchain/bin/../lib/gcc/arm-none-eabi/6.3.1/../../../../arm-none-eabi/lib/thumb/v6-m\libm.a(lib_a-wf_sqrt.o) (__aeabi_fcmplt)
c:/program files (x86)/atmel/studio/7.0/toolchain/arm/arm-gnu-toolchain/bin/../lib/gcc/arm-none-eabi/6.3.1/thumb/v6-m\libgcc.a(_clzsi2.o)
                              src/ASF/sam0/drivers/usb/usb_sam_d_r/usb.o (__clzsi2)
c:/program files (x86)/atmel/studio/7.0/toolchain/arm/arm-gnu-toolchain/bin/../lib/gcc/arm-none-eabi/6.3.1/thumb/v6-m\libgcc.a(_ctzsi2.o)
                              src/ASF/sam0/drivers/usb/usb_sam_d_r/usb.o (__ctzsi2)
c:/program files (x86)/atmel/studio/7.0/toolchain/arm/arm-gnu-toolchain/bin/../lib/gcc/arm-none-eabi/6.3.1/thumb/v6-m\libgcc.a(_aeabi_uldivmod.o)
                              src/Analog.o (__aeabi_uldivmod)
c:/program files (x86)/atmel/studio/7.0/toolchain/arm/arm-gnu-toolchain/bin/../lib/gcc/arm-none-eabi/6.3.1/thumb/v6-m\libgcc.a(_muldi3.o)
                              src/ASF/sam0/drivers/sercom/sercom.o (__aeabi_lmul)
c:/program files (x86)/atmel/studio/7.0/toolchain/arm/arm-gnu-toolchain/bin/../lib/gcc/arm-none-eabi/6.3.1/thumb/v6-m\libgcc.a(_fixunssfsi.o)
                              src/Analog.o (__aeabi_f2uiz)
c:/program files (x86)/atmel/studio/7.0/toolchain/arm/arm-gnu-toolchain/bin/../lib/gcc/arm-none-eabi/6.3.1/thumb/v6-m\libgcc.a(_floatundisf.o)
                              src/Analog.o (__aeabi_ul2f)
c:/program files (x86)/atmel/studio/7.0/toolchain/arm/arm-gnu-toolchain/bin/../lib/gcc/arm-none-eabi/6.3.1/thumb/v6-m\libgcc.a(_udivmoddi4.o)
                              c:/program files (x86)/atmel/studio/7.0/toolchain/arm/arm-gnu-toolchain/bin/../lib/gcc/arm-none-eabi/6.3.1/thumb/v6-m\libgcc.a(_aeabi_uldivmod.o) (__udivmoddi4)
c:/program files (x86)/atmel/studio/7.0/toolchain/arm/arm-gnu-toolchain/bin/../lib/gcc/arm-none-eabi/6.3.1/thumb/v6-m\libgcc.a(addsf3.o)
                              c:/program files (x86)/atmel/studio/7.0/toolchain/arm/arm-gnu-toolchain/bin/../lib/gcc/arm-none-eabi/6.3.1/../../../../arm-none-eabi/lib/thumb/v6-m\libm.a(lib_a-ef_sqrt.o) (__aeabi_fadd)
c:/program files (x86)/atmel/studio/7.0/toolchain/arm/arm-gnu-toolchain/bin/../lib/gcc/arm-none-eabi/6.3.1/thumb/v6-m\libgcc.a(divsf3.o)
                              c:/program files (x86)/atmel/studio/7.0/toolchain/arm/arm-gnu-toolchain/bin/../lib/gcc/arm-none-eabi/6.3.1/../../../../arm-none-eabi/lib/thumb/v6-m\libm.a(lib_a-ef_sqrt.o) (__aeabi_fdiv)
[...]
Memory Configuration

Name             Origin             Length             Attributes
rom              0x00000000         0x00040000         xr
ram              0x20000000         0x00008000         xrw
*default*        0x00000000         0xffffffff

Linker script and memory map

LOAD c:/program files (x86)/atmel/studio/7.0/toolchain/arm/arm-gnu-toolchain/bin/../lib/gcc/arm-none-eabi/6.3.1/thumb/v6-m/crti.o
LOAD c:/program files (x86)/atmel/studio/7.0/toolchain/arm/arm-gnu-toolchain/bin/../lib/gcc/arm-none-eabi/6.3.1/thumb/v6-m/crtbegin.o
LOAD c:/program files (x86)/atmel/studio/7.0/toolchain/arm/arm-gnu-toolchain/bin/../lib/gcc/arm-none-eabi/6.3.1/../../../../arm-none-eabi/lib/thumb/v6-m/crt0.o
LOAD src/Analog.o
LOAD src/ASF/sam0/drivers/ac/ac_sam_d_r_h/ac.o
LOAD src/ASF/sam0/drivers/adc/adc_sam_d_r_h/adc.o
LOAD src/ASF/sam0/drivers/adc/adc_sam_d_r_h/adc_callback.o
LOAD src/ASF/sam0/drivers/dac/dac_sam_d_c_h/dac.o
LOAD src/ASF/sam0/drivers/dac/dac_sam_d_c_h/dac_callback.o
LOAD src/ASF/sam0/drivers/dma/dma.o
LOAD src/ASF/sam0/drivers/nvm/nvm.o
LOAD src/ASF/sam0/drivers/tcc/tcc.o
LOAD src/ASF/sam0/drivers/tcc/tcc_callback.o
LOAD src/CAP1203.o
LOAD src/dxl_pro.o
LOAD src/Flash.o
LOAD src/LedFlash.o
LOAD src/Mouth.o
LOAD src/serialProtocol.o
LOAD src/SoundRX.o
LOAD src/SoundTX.o
LOAD src/user.o
LOAD src/XL320.o
LOAD src/ASF/sam0/drivers/events/events_sam_d_r_h/events.o
LOAD src/ASF/sam0/drivers/extint/extint_sam_d_r_h/extint.o
LOAD src/ASF/sam0/drivers/i2s/i2s.o
LOAD src/ASF/sam0/drivers/pac/pac_sam_d_r_h/pac.o
LOAD src/ASF/sam0/drivers/rtc/rtc_sam_d_r_h/rtc_count.o
LOAD src/ASF/sam0/drivers/rtc/rtc_sam_d_r_h/rtc_count_interrupt.o
LOAD src/ASF/sam0/drivers/sercom/i2c/i2c_sam0/i2c_master.o
LOAD src/ASF/sam0/drivers/sercom/i2c/i2c_sam0/i2c_master_interrupt.o
LOAD src/ASF/sam0/drivers/tc/tc_interrupt.o
LOAD src/ASF/sam0/drivers/tc/tc_sam_d_r_h/tc.o
LOAD src/ASF/sam0/drivers/usb/stack_interface/usb_device_udd.o
LOAD src/ASF/sam0/drivers/usb/stack_interface/usb_dual.o
LOAD src/ASF/sam0/drivers/wdt/wdt.o
LOAD src/ASF/sam0/drivers/wdt/wdt_callback.o
LOAD src/ASF/sam0/drivers/usb/usb_sam_d_r/usb.o
LOAD src/ASF/sam0/drivers/sercom/usart/usart.o
LOAD src/ASF/sam0/drivers/sercom/usart/usart_interrupt.o
LOAD src/ASF/sam0/drivers/sercom/sercom.o
LOAD src/ASF/sam0/drivers/sercom/sercom_interrupt.o
LOAD src/ASF/sam0/drivers/i2s/i2s_callback.o
LOAD src/ASF/sam0/drivers/extint/extint_callback.o
LOAD src/ASF/sam0/drivers/ac/ac_callback.o
LOAD src/ASF/common2/services/delay/sam0/systick_counter.o
LOAD src/ASF/common/services/sleepmgr/samd/sleepmgr.o
LOAD src/ASF/common/services/usb/class/cdc/device/udi_cdc.o
LOAD src/ASF/common/services/usb/udc/udc.o
LOAD src/ASF/common/services/usb/class/cdc/device/udi_cdc_desc.o
LOAD src/ASF/sam0/drivers/port/port.o
LOAD src/ASF/common2/boards/user_board/init.o
LOAD src/ASF/common/utils/interrupt/interrupt_sam_nvic.o
LOAD src/ASF/sam0/drivers/system/clock/clock_samd21_r21_da_ha1/clock.o
LOAD src/ASF/sam0/drivers/system/clock/clock_samd21_r21_da_ha1/gclk.o
LOAD src/ASF/sam0/drivers/system/interrupt/system_interrupt.o
LOAD src/ASF/sam0/drivers/system/pinmux/pinmux.o
LOAD src/ASF/sam0/drivers/system/system.o
LOAD src/ASF/sam0/utils/cmsis/samd21/source/gcc/startup_samd21.o
LOAD src/ASF/sam0/utils/cmsis/samd21/source/system_samd21.o
LOAD src/ASF/sam0/utils/syscalls/gcc/syscalls.o
LOAD src/main.o
START GROUP
LOAD ../src/ASF/thirdparty/CMSIS/Lib/GCC\libarm_cortexM0l_math.a
LOAD c:/program files (x86)/atmel/studio/7.0/toolchain/arm/arm-gnu-toolchain/bin/../lib/gcc/arm-none-eabi/6.3.1/../../../../arm-none-eabi/lib/thumb/v6-m\libm.a
END GROUP
START GROUP
LOAD c:/program files (x86)/atmel/studio/7.0/toolchain/arm/arm-gnu-toolchain/bin/../lib/gcc/arm-none-eabi/6.3.1/thumb/v6-m\libgcc.a
LOAD c:/program files (x86)/atmel/studio/7.0/toolchain/arm/arm-gnu-toolchain/bin/../lib/gcc/arm-none-eabi/6.3.1/../../../../arm-none-eabi/lib/thumb/v6-m\libc_nano.a
END GROUP
START GROUP
LOAD c:/program files (x86)/atmel/studio/7.0/toolchain/arm/arm-gnu-toolchain/bin/../lib/gcc/arm-none-eabi/6.3.1/thumb/v6-m\libgcc.a
LOAD c:/program files (x86)/atmel/studio/7.0/toolchain/arm/arm-gnu-toolchain/bin/../lib/gcc/arm-none-eabi/6.3.1/../../../../arm-none-eabi/lib/thumb/v6-m\libc_nano.a
END GROUP
LOAD c:/program files (x86)/atmel/studio/7.0/toolchain/arm/arm-gnu-toolchain/bin/../lib/gcc/arm-none-eabi/6.3.1/thumb/v6-m/crtend.o
LOAD c:/program files (x86)/atmel/studio/7.0/toolchain/arm/arm-gnu-toolchain/bin/../lib/gcc/arm-none-eabi/6.3.1/thumb/v6-m/crtn.o
                0x00002000                STACK_SIZE = DEFINED (STACK_SIZE)?STACK_SIZE:DEFINED (__stack_size__)?__stack_size__:0x2000

.text           0x00000000     0xc69c
                0x00000000                . = ALIGN (0x4)
                0x00000000                _sfixed = .
 *(.vectors .vectors.*)
 .vectors       0x00000000       0xb4 src/ASF/sam0/utils/cmsis/samd21/source/gcc/startup_samd21.o
                0x00000000                exception_table
 *(.text .text.* .gnu.linkonce.t.*)
 .text          0x000000b4       0x60 c:/program files (x86)/atmel/studio/7.0/toolchain/arm/arm-gnu-toolchain/bin/../lib/gcc/arm-none-eabi/6.3.1/thumb/v6-m/crtbegin.o
 .text.callback_function_ac
                0x00000114       0x28 src/Analog.o
                0x00000114                callback_function_ac
 .text.dma_ADC_tranfer_done
                0x0000013c      0x104 src/Analog.o
                0x0000013c                dma_ADC_tranfer_done
 .text.Compute_ADC_RMS
                0x00000240       0xfc src/Analog.o
                0x00000240                Compute_ADC_RMS
 .text.fGetADCtransfertBUffer
                0x0000033c       0x30 src/Analog.o
                0x0000033c                fGetADCtransfertBUffer
 .text.Compute_ADC_Offset
                0x0000036c       0x90 src/Analog.o
                0x0000036c                Compute_ADC_Offset
 .text.GetRMSdata
                0x000003fc        0x8 src/Analog.o
                0x000003fc                GetRMSdata
 .text.SetMicIndex
                0x00000404       0x14 src/Analog.o
                0x00000404                SetMicIndex
 .text.configure_ADC_trigger
                0x00000418       0xe8 src/Analog.o
                0x00000418                configure_ADC_trigger
 .text.configure_ADC_dma_resource
                0x00000500       0x30 src/Analog.o
                0x00000500                configure_ADC_dma_resource
 .text.setup_ADC_DMA_transfer_descriptor
                0x00000530       0x4c src/Analog.o
                0x00000530                setup_ADC_DMA_transfer_descriptor
 .text.configure_ADC_dma
                0x0000057c       0x68 src/Analog.o
                0x0000057c                configure_ADC_dma
 .text.configure_adc
                0x000005e4       0xec src/Analog.o
                0x000005e4                configure_adc
 .text.configure_adc_trigger_event
                0x000006d0       0x40 src/Analog.o
                0x000006d0                configure_adc_trigger_event
 .text.configure_dac
                0x00000710       0x48 src/Analog.o
                0x00000710                configure_dac
 .text.configure_dac_channel
                0x00000758       0x30 src/Analog.o
                0x00000758                configure_dac_channel
 .text.configure_ac
                0x00000788       0xc4 src/Analog.o
                0x00000788                configure_ac
 .text.SetDACReference
                0x0000084c       0x18 src/Analog.o
                0x0000084c                SetDACReference
 .text.SetAdcReference
                0x00000864       0x10 src/Analog.o
                0x00000864                SetAdcReference
 .text.SetRMSorMEAN
                0x00000874        0xc src/Analog.o
                0x00000874                SetRMSorMEAN
 .text.Check_ADCDMA
                0x00000880       0x24 src/Analog.o
                0x00000880                Check_ADCDMA
 .text.AnalogRuntime
                0x000008a4       0xd8 src/Analog.o
                0x000008a4                AnalogRuntime
 .text.ac_init  0x0000097c       0x94 src/ASF/sam0/drivers/ac/ac_sam_d_r_h/ac.o
                0x0000097c                ac_init
 .text.ac_chan_set_config
                0x00000a10       0x46 src/ASF/sam0/drivers/ac/ac_sam_d_r_h/ac.o
                0x00000a10                ac_chan_set_config
 .text.adc_get_config_defaults
                0x00000a56       0x46 src/ASF/sam0/drivers/adc/adc_sam_d_r_h/adc.o
                0x00000a56                adc_get_config_defaults
 .text.adc_init
                0x00000a9c      0x428 src/ASF/sam0/drivers/adc/adc_sam_d_r_h/adc.o
                0x00000a9c                adc_init
 .text.ADC_Handler
                0x00000ec4       0xc0 src/ASF/sam0/drivers/adc/adc_sam_d_r_h/adc_callback.o
                0x00000ec4                ADC_Handler
 .text.dac_is_syncing
                0x00000f84        0x8 src/ASF/sam0/drivers/dac/dac_sam_d_c_h/dac.o
                0x00000f84                dac_is_syncing
 .text.dac_get_config_defaults
                0x00000f8c       0x14 src/ASF/sam0/drivers/dac/dac_sam_d_c_h/dac.o
                0x00000f8c                dac_get_config_defaults
 .text.dac_init
                0x00000fa0       0xd0 src/ASF/sam0/drivers/dac/dac_sam_d_c_h/dac.o
                0x00000fa0                dac_init
 .text.dac_enable
                0x00001070       0x3c src/ASF/sam0/drivers/dac/dac_sam_d_c_h/dac.o
                0x00001070                dac_enable
 .text.dac_chan_enable_output_buffer
                0x000010ac        0xc src/ASF/sam0/drivers/dac/dac_sam_d_c_h/dac.o
                0x000010ac                dac_chan_enable_output_buffer
 .text.dac_chan_write
                0x000010b8       0x28 src/ASF/sam0/drivers/dac/dac_sam_d_c_h/dac.o
                0x000010b8                dac_chan_write
 .text.DAC_Handler
                0x000010e0       0xa8 src/ASF/sam0/drivers/dac/dac_sam_d_c_h/dac_callback.o
                0x000010e0                DAC_Handler
 .text.DMAC_Handler
                0x00001188       0xb4 src/ASF/sam0/drivers/dma/dma.o
                0x00001188                DMAC_Handler
 .text.dma_get_config_defaults
                0x0000123c       0x10 src/ASF/sam0/drivers/dma/dma.o
                0x0000123c                dma_get_config_defaults
 .text.dma_allocate
                0x0000124c      0x148 src/ASF/sam0/drivers/dma/dma.o
                0x0000124c                dma_allocate
 .text.dma_start_transfer_job
                0x00001394       0x88 src/ASF/sam0/drivers/dma/dma.o
                0x00001394                dma_start_transfer_job
 .text.dma_abort_job
                0x0000141c       0x4c src/ASF/sam0/drivers/dma/dma.o
                0x0000141c                dma_abort_job
 .text.dma_resume_job
                0x00001468       0x68 src/ASF/sam0/drivers/dma/dma.o
                0x00001468                dma_resume_job
 .text.dma_descriptor_create
                0x000014d0       0xa8 src/ASF/sam0/drivers/dma/dma.o
                0x000014d0                dma_descriptor_create
 .text.dma_add_descriptor
                0x00001578       0x2a src/ASF/sam0/drivers/dma/dma.o
                0x00001578                dma_add_descriptor
 *fill*         0x000015a2        0x2 
 .text._tcc_interrupt_handler
                0x000015a4       0x4c src/ASF/sam0/drivers/tcc/tcc_callback.o
                0x000015a4                _tcc_interrupt_handler
 .text.TCC0_Handler
                0x000015f0       0x10 src/ASF/sam0/drivers/tcc/tcc_callback.o
                0x000015f0                TCC0_Handler
 .text.TCC1_Handler
                0x00001600       0x10 src/ASF/sam0/drivers/tcc/tcc_callback.o
                0x00001600                TCC1_Handler
 .text.TCC2_Handler
                0x00001610       0x10 src/ASF/sam0/drivers/tcc/tcc_callback.o
                0x00001610                TCC2_Handler
 .text.CAP1203_Write
                0x00001620       0x1c src/CAP1203.o
                0x00001620                CAP1203_Write
 .text.CAP1203_Config
                0x0000163c       0x2c src/CAP1203.o
                0x0000163c                CAP1203_Config
 .text.CAP1203_Read
                0x00001668       0x1c src/CAP1203.o
                0x00001668                CAP1203_Read
 .text.CAP1203_ActiveMode
                0x00001684       0x20 src/CAP1203.o
                0x00001684                CAP1203_ActiveMode
 .text.CAP1203_GetStatusReg
                0x000016a4       0x10 src/CAP1203.o
                0x000016a4                CAP1203_GetStatusReg
 .text.CAP1203_ReadPressedButton
                0x000016b4       0x54 src/CAP1203.o
                0x000016b4                CAP1203_ReadPressedButton
 .text.CAP1203_ReadID
                0x00001708       0x1c src/CAP1203.o
                0x00001708                CAP1203_ReadID
 .text.CAP1203_Initialize
                0x00001724       0x48 src/CAP1203.o
                0x00001724                CAP1203_Initialize
 .text.GetPressedButton
                0x0000176c       0x10 src/CAP1203.o
                0x0000176c                GetPressedButton
 .text.SetServoMovingFlag
                0x0000177c       0x40 src/CAP1203.o
                0x0000177c                SetServoMovingFlag
 .text.SetServoMovingDelay
                0x000017bc        0xc src/CAP1203.o
                0x000017bc                SetServoMovingDelay
 .text.GetTouch_runtime
                0x000017c8      0x138 src/CAP1203.o
                0x000017c8                GetTouch_runtime
 .text.update_crc
                0x00001900       0x44 src/dxl_pro.o
                0x00001900                update_crc
 .text.fLedConfigDefault
                0x00001944       0x30 src/LedFlash.o
                0x00001944                fLedConfigDefault
 .text.fStartLedFlash
                0x00001974       0x2c src/LedFlash.o
                0x00001974                fStartLedFlash
 .text.fProcessLed
                0x000019a0       0xe0 src/LedFlash.o
                0x000019a0                fProcessLed
 .text.LedRunTime
                0x00001a80       0x14 src/LedFlash.o
                0x00001a80                LedRunTime
 .text.InitLedFlash
                0x00001a94       0x44 src/LedFlash.o
                0x00001a94                InitLedFlash
 .text.fsetMouth
                0x00001ad8       0x2c src/Mouth.o
                0x00001ad8                fsetMouth
 .text.fAnimation_Runtime
                0x00001b04       0x78 src/Mouth.o
                0x00001b04                fAnimation_Runtime
 .text.fMouth_Main
                0x00001b7c       0x94 src/Mouth.o
                0x00001b7c                fMouth_Main
 .text.fMouth_SetNoseColor
                0x00001c10       0x48 src/Mouth.o
                0x00001c10                fMouth_SetNoseColor
 .text.fMouth_SetData
                0x00001c58       0x20 src/Mouth.o
                0x00001c58                fMouth_SetData
 .text.fTrig_Animation
                0x00001c78       0x14 src/Mouth.o
                0x00001c78                fTrig_Animation
 .text.fInit_Mouth
                0x00001c8c       0xb0 src/Mouth.o
                0x00001c8c                fInit_Mouth
 .text.pearson  0x00001d3c       0x2c src/serialProtocol.o
                0x00001d3c                pearson
 .text.fSerial_InitSerialProtocol
                0x00001d68       0x44 src/serialProtocol.o
                0x00001d68                fSerial_InitSerialProtocol
 .text.fSerial_procesaEntrada
                0x00001dac       0x70 src/serialProtocol.o
                0x00001dac                fSerial_procesaEntrada
 .text.fSerial_processCommands
                0x00001e1c      0x674 src/serialProtocol.o
                0x00001e1c                fSerial_processCommands
 .text.fSerial_Write
                0x00002490       0x20 src/serialProtocol.o
                0x00002490                fSerial_Write
 .text.fSerial_sendNack
                0x000024b0       0x34 src/serialProtocol.o
                0x000024b0                fSerial_sendNack
 .text.fSerial_sendResponse
                0x000024e4       0xc4 src/serialProtocol.o
                0x000024e4                fSerial_sendResponse
 .text.fSerial_processSerial
                0x000025a8       0xb8 src/serialProtocol.o
                0x000025a8                fSerial_processSerial
 .text.DAC_transfer_done
                0x00002660       0x48 src/SoundRX.o
 .text.i2s_RX_Done
                0x000026a8      0x100 src/SoundRX.o
 .text.i2s_callback_RX
                0x000027a8       0x50 src/SoundRX.o
                0x000027a8                i2s_callback_RX
 .text.config_dma_for_RX
                0x000027f8       0xbc src/SoundRX.o
                0x000027f8                config_dma_for_RX
 .text.configure_DAC_trigger_dma
                0x000028b4       0x68 src/SoundRX.o
                0x000028b4                configure_DAC_trigger_dma
 .text.config_dma_for_DAC
                0x0000291c      0x11c src/SoundRX.o
                0x0000291c                config_dma_for_DAC
 .text.i2s_TX_Done
                0x00002a38       0x44 src/SoundTX.o
 .text.i2s_txDMAerror
                0x00002a7c        0xc src/SoundTX.o
 .text.GetI2S_TX_Buffer
                0x00002a88        0xc src/SoundTX.o
                0x00002a88                GetI2S_TX_Buffer
 .text.SendI2Sdata
                0x00002a94       0x14 src/SoundTX.o
                0x00002a94                SendI2Sdata
 .text.config_dma_for_TX
                0x00002aa8       0xc8 src/SoundTX.o
                0x00002aa8                config_dma_for_TX
 .text.rtc_ovf_callback
                0x00002b70       0x18 src/user.o
 .text.my_callback_cdc_enable
                0x00002b88        0x4 src/user.o
                0x00002b88                my_callback_cdc_enable
 .text.my_callback_cdc_disable
                0x00002b8c        0x2 src/user.o
                0x00002b8c                my_callback_cdc_disable
 *fill*         0x00002b8e        0x2 
 .text.SystemRTC_Init
                0x00002b90       0x64 src/user.o
                0x00002b90                SystemRTC_Init
 .text.GetTickCount
                0x00002bf4        0xc src/user.o
                0x00002bf4                GetTickCount
 .text.TimeDiff
                0x00002c00        0x4 src/user.o
                0x00002c00                TimeDiff
 .text.Delay_ms
                0x00002c04       0x14 src/user.o
                0x00002c04                Delay_ms
 .text.configure_i2c_master
                0x00002c18       0xb0 src/user.o
                0x00002c18                configure_i2c_master
 .text.I2C_ReadData
                0x00002cc8       0x78 src/user.o
                0x00002cc8                I2C_ReadData
 .text.I2C_WriteData
                0x00002d40       0x5c src/user.o
                0x00002d40                I2C_WriteData
 .text.configure_usart_Serial
                0x00002d9c       0xcc src/user.o
                0x00002d9c                configure_usart_Serial
 .text.GetServoInstance
                0x00002e68        0x8 src/user.o
                0x00002e68                GetServoInstance
 .text.configure_usart_Servo
                0x00002e70       0xdc src/user.o
                0x00002e70                configure_usart_Servo
 .text.configure_i2s
                0x00002f4c      0x14c src/user.o
                0x00002f4c                configure_i2s
 .text.EnableUSBPortForwarding
                0x00003098        0xc src/user.o
                0x00003098                EnableUSBPortForwarding
 .text.USBFordwarding_runtime
                0x000030a4       0xc4 src/user.o
                0x000030a4                USBFordwarding_runtime
 .text.sendData
                0x00003168       0x20 src/XL320.o
                0x00003168                sendData
 .text.SwitchComDir
                0x00003188       0x7c src/XL320.o
                0x00003188                SwitchComDir
 .text.GetRegisterLength
                0x00003204       0x18 src/XL320.o
                0x00003204                GetRegisterLength
 .text.MakePacket
                0x0000321c       0xf8 src/XL320.o
                0x0000321c                MakePacket
 .text.Process_rdPacket
                0x00003314       0x78 src/XL320.o
                0x00003314                Process_rdPacket
 .text.sendPacket
                0x0000338c       0x44 src/XL320.o
                0x0000338c                sendPacket
 .text.RXsendPacket
                0x000033d0       0x80 src/XL320.o
                0x000033d0                RXsendPacket
 .text.ReadRegister
                0x00003450       0x90 src/XL320.o
                0x00003450                ReadRegister
 .text.ReadServoEEPROM
                0x000034e0       0x58 src/XL320.o
                0x000034e0                ReadServoEEPROM
 .text.ServoEnableTorque
                0x00003538       0x34 src/XL320.o
                0x00003538                ServoEnableTorque
 .text.moveServo
                0x0000356c       0x48 src/XL320.o
                0x0000356c                moveServo
 .text.setServoSpeed
                0x000035b4       0x30 src/XL320.o
                0x000035b4                setServoSpeed
 .text.setServoLED
                0x000035e4       0x30 src/XL320.o
                0x000035e4                setServoLED
 .text.setServoPID
                0x00003614       0x40 src/XL320.o
                0x00003614                setServoPID
 .text.ResetServo
                0x00003654       0x1c src/XL320.o
                0x00003654                ResetServo
 .text.XL320_Init
                0x00003670       0x40 src/XL320.o
                0x00003670                XL320_Init
 .text._system_events_init
                0x000036b0       0x24 src/ASF/sam0/drivers/events/events_sam_d_r_h/events.o
                0x000036b0                _system_events_init
 .text.events_get_config_defaults
                0x000036d4        0xe src/ASF/sam0/drivers/events/events_sam_d_r_h/events.o
                0x000036d4                events_get_config_defaults
 *fill*         0x000036e2        0x2 
 .text.events_allocate
                0x000036e4       0xb0 src/ASF/sam0/drivers/events/events_sam_d_r_h/events.o
                0x000036e4                events_allocate
 .text.events_attach_user
                0x00003794       0x24 src/ASF/sam0/drivers/events/events_sam_d_r_h/events.o
                0x00003794                events_attach_user
 .text._extint_enable
                0x000037b8       0x18 src/ASF/sam0/drivers/extint/extint_sam_d_r_h/extint.o
 .text._system_extint_init
                0x000037d0       0x6c src/ASF/sam0/drivers/extint/extint_sam_d_r_h/extint.o
                0x000037d0                _system_extint_init
 .text.i2s_init
                0x0000383c       0x78 src/ASF/sam0/drivers/i2s/i2s.o
                0x0000383c                i2s_init
 .text.i2s_clock_unit_set_config
                0x000038b4      0x1e8 src/ASF/sam0/drivers/i2s/i2s.o
                0x000038b4                i2s_clock_unit_set_config
 .text.i2s_serializer_set_config
                0x00003a9c      0x20c src/ASF/sam0/drivers/i2s/i2s.o
                0x00003a9c                i2s_serializer_set_config
 .text.rtc_count_is_syncing
                0x00003ca8        0x8 src/ASF/sam0/drivers/rtc/rtc_sam_d_r_h/rtc_count.o
 .text.rtc_count_enable
                0x00003cb0       0x28 src/ASF/sam0/drivers/rtc/rtc_sam_d_r_h/rtc_count.o
                0x00003cb0                rtc_count_enable
 .text.rtc_count_disable
                0x00003cd8       0x30 src/ASF/sam0/drivers/rtc/rtc_sam_d_r_h/rtc_count.o
                0x00003cd8                rtc_count_disable
 .text.rtc_count_reset
                0x00003d08       0x2c src/ASF/sam0/drivers/rtc/rtc_sam_d_r_h/rtc_count.o
                0x00003d08                rtc_count_reset
 .text.rtc_count_set_compare
                0x00003d34       0x5c src/ASF/sam0/drivers/rtc/rtc_sam_d_r_h/rtc_count.o
                0x00003d34                rtc_count_set_compare
 .text.rtc_count_init
                0x00003d90       0xe0 src/ASF/sam0/drivers/rtc/rtc_sam_d_r_h/rtc_count.o
                0x00003d90                rtc_count_init
 .text.rtc_count_set_period
                0x00003e70       0x24 src/ASF/sam0/drivers/rtc/rtc_sam_d_r_h/rtc_count.o
                0x00003e70                rtc_count_set_period
 .text.rtc_count_register_callback
                0x00003e94       0x38 src/ASF/sam0/drivers/rtc/rtc_sam_d_r_h/rtc_count_interrupt.o
                0x00003e94                rtc_count_register_callback
 .text.rtc_count_enable_callback
                0x00003ecc       0x26 src/ASF/sam0/drivers/rtc/rtc_sam_d_r_h/rtc_count_interrupt.o
                0x00003ecc                rtc_count_enable_callback
 *fill*         0x00003ef2        0x2 
 .text.RTC_Handler
                0x00003ef4       0x58 src/ASF/sam0/drivers/rtc/rtc_sam_d_r_h/rtc_count_interrupt.o
                0x00003ef4                RTC_Handler
 .text._i2c_master_wait_for_sync
                0x00003f4c        0xc src/ASF/sam0/drivers/sercom/i2c/i2c_sam0/i2c_master.o
 .text.i2c_master_init
                0x00003f58      0x2f4 src/ASF/sam0/drivers/sercom/i2c/i2c_sam0/i2c_master.o
                0x00003f58                i2c_master_init
 .text._i2c_master_address_response
                0x0000424c       0x30 src/ASF/sam0/drivers/sercom/i2c/i2c_sam0/i2c_master.o
                0x0000424c                _i2c_master_address_response
 .text._i2c_master_wait_for_bus
                0x0000427c       0x2c src/ASF/sam0/drivers/sercom/i2c/i2c_sam0/i2c_master.o
                0x0000427c                _i2c_master_wait_for_bus
 .text._i2c_master_send_hs_master_code
                0x000042a8       0x20 src/ASF/sam0/drivers/sercom/i2c/i2c_sam0/i2c_master.o
                0x000042a8                _i2c_master_send_hs_master_code
 .text._i2c_master_read_packet
                0x000042c8      0x1a0 src/ASF/sam0/drivers/sercom/i2c/i2c_sam0/i2c_master.o
 .text._i2c_master_write_packet
                0x00004468       0xf4 src/ASF/sam0/drivers/sercom/i2c/i2c_sam0/i2c_master.o
 .text.i2c_master_read_packet_wait
                0x0000455c       0x24 src/ASF/sam0/drivers/sercom/i2c/i2c_sam0/i2c_master.o
                0x0000455c                i2c_master_read_packet_wait
 .text.i2c_master_write_packet_wait
                0x00004580       0x24 src/ASF/sam0/drivers/sercom/i2c/i2c_sam0/i2c_master.o
                0x00004580                i2c_master_write_packet_wait
 .text._i2c_master_wait_for_sync
                0x000045a4        0xc src/ASF/sam0/drivers/sercom/i2c/i2c_sam0/i2c_master_interrupt.o
 .text._i2c_master_read
                0x000045b0       0x88 src/ASF/sam0/drivers/sercom/i2c/i2c_sam0/i2c_master_interrupt.o
 .text._i2c_master_write
                0x00004638       0x3c src/ASF/sam0/drivers/sercom/i2c/i2c_sam0/i2c_master_interrupt.o
 .text._i2c_master_interrupt_handler
                0x00004674      0x1ec src/ASF/sam0/drivers/sercom/i2c/i2c_sam0/i2c_master_interrupt.o
                0x00004674                _i2c_master_interrupt_handler
 .text._tc_interrupt_handler
                0x00004860       0x64 src/ASF/sam0/drivers/tc/tc_interrupt.o
                0x00004860                _tc_interrupt_handler
 .text.TC3_Handler
                0x000048c4       0x10 src/ASF/sam0/drivers/tc/tc_interrupt.o
                0x000048c4                TC3_Handler
 .text.TC4_Handler
                0x000048d4       0x10 src/ASF/sam0/drivers/tc/tc_interrupt.o
                0x000048d4                TC4_Handler
 .text.TC5_Handler
                0x000048e4       0x10 src/ASF/sam0/drivers/tc/tc_interrupt.o
                0x000048e4                TC5_Handler
 .text._tc_get_inst_index
                0x000048f4       0x38 src/ASF/sam0/drivers/tc/tc_sam_d_r_h/tc.o
                0x000048f4                _tc_get_inst_index
 .text.tc_init  0x0000492c      0x23c src/ASF/sam0/drivers/tc/tc_sam_d_r_h/tc.o
                0x0000492c                tc_init
 .text.udd_sleep_mode
                0x00004b68       0xc0 src/ASF/sam0/drivers/usb/stack_interface/usb_device_udd.o
 .text.udd_ep_get_job
                0x00004c28       0x24 src/ASF/sam0/drivers/usb/stack_interface/usb_device_udd.o
 .text.udd_ep_transfer_process
                0x00004c4c      0x1b4 src/ASF/sam0/drivers/usb/stack_interface/usb_device_udd.o
 .text.udd_ctrl_stall_data
                0x00004e00       0x2c src/ASF/sam0/drivers/usb/stack_interface/usb_device_udd.o
 .text._usb_device_lpm_suspend
                0x00004e2c       0x34 src/ASF/sam0/drivers/usb/stack_interface/usb_device_udd.o
 .text._usb_on_wakeup
                0x00004e60       0x68 src/ASF/sam0/drivers/usb/stack_interface/usb_device_udd.o
 .text._usb_on_suspend
                0x00004ec8       0x2c src/ASF/sam0/drivers/usb/stack_interface/usb_device_udd.o
 .text._usb_on_bus_reset
                0x00004ef4       0xb0 src/ASF/sam0/drivers/usb/stack_interface/usb_device_udd.o
 .text.udd_ctrl_send_zlp_in
                0x00004fa4       0x3c src/ASF/sam0/drivers/usb/stack_interface/usb_device_udd.o
 .text._usb_ep0_on_tansfer_fail
                0x00004fe0       0x54 src/ASF/sam0/drivers/usb/stack_interface/usb_device_udd.o
 .text.udd_ctrl_in_sent
                0x00005034       0xa8 src/ASF/sam0/drivers/usb/stack_interface/usb_device_udd.o
 .text._usb_ep0_on_setup
                0x000050dc       0xe4 src/ASF/sam0/drivers/usb/stack_interface/usb_device_udd.o
 .text._usb_on_sof_notify
                0x000051c0        0xc src/ASF/sam0/drivers/usb/stack_interface/usb_device_udd.o
 .text.udd_ep_abort
                0x000051cc       0x3c src/ASF/sam0/drivers/usb/stack_interface/usb_device_udd.o
                0x000051cc                udd_ep_abort
 .text.udd_is_high_speed
                0x00005208        0x4 src/ASF/sam0/drivers/usb/stack_interface/usb_device_udd.o
                0x00005208                udd_is_high_speed
 .text.udd_get_frame_number
                0x0000520c       0x10 src/ASF/sam0/drivers/usb/stack_interface/usb_device_udd.o
                0x0000520c                udd_get_frame_number
 .text.udd_get_micro_frame_number
                0x0000521c       0x10 src/ASF/sam0/drivers/usb/stack_interface/usb_device_udd.o
                0x0000521c                udd_get_micro_frame_number
 .text.udd_ep_free
                0x0000522c       0x58 src/ASF/sam0/drivers/usb/stack_interface/usb_device_udd.o
                0x0000522c                udd_ep_free
 .text.udd_ep_alloc
                0x00005284      0x108 src/ASF/sam0/drivers/usb/stack_interface/usb_device_udd.o
                0x00005284                udd_ep_alloc
 .text.udd_ep_is_halted
                0x0000538c       0x14 src/ASF/sam0/drivers/usb/stack_interface/usb_device_udd.o
                0x0000538c                udd_ep_is_halted
 .text.udd_ep_set_halt
                0x000053a0       0x30 src/ASF/sam0/drivers/usb/stack_interface/usb_device_udd.o
                0x000053a0                udd_ep_set_halt
 .text._usb_ep0_on_tansfer_ok
                0x000053d0      0x100 src/ASF/sam0/drivers/usb/stack_interface/usb_device_udd.o
 .text.udd_ep_clear_halt
                0x000054d0       0x44 src/ASF/sam0/drivers/usb/stack_interface/usb_device_udd.o
                0x000054d0                udd_ep_clear_halt
 .text.udd_ep_run
                0x00005514      0x1d8 src/ASF/sam0/drivers/usb/stack_interface/usb_device_udd.o
                0x00005514                udd_ep_run
 .text.udd_set_address
                0x000056ec       0x10 src/ASF/sam0/drivers/usb/stack_interface/usb_device_udd.o
                0x000056ec                udd_set_address
 .text.udd_getaddress
                0x000056fc       0x10 src/ASF/sam0/drivers/usb/stack_interface/usb_device_udd.o
                0x000056fc                udd_getaddress
 .text.udd_set_setup_payload
                0x0000570c        0xc src/ASF/sam0/drivers/usb/stack_interface/usb_device_udd.o
                0x0000570c                udd_set_setup_payload
 .text.udd_attach
                0x00005718       0x84 src/ASF/sam0/drivers/usb/stack_interface/usb_device_udd.o
                0x00005718                udd_attach
 .text.udd_enable
                0x0000579c       0x9c src/ASF/sam0/drivers/usb/stack_interface/usb_device_udd.o
                0x0000579c                udd_enable
 .text.WDT_Handler
                0x00005838       0x1c src/ASF/sam0/drivers/wdt/wdt_callback.o
                0x00005838                WDT_Handler
 .text.usb_device_register_callback
                0x00005854       0x24 src/ASF/sam0/drivers/usb/usb_sam_d_r/usb.o
                0x00005854                usb_device_register_callback
 .text.usb_device_enable_callback
                0x00005878       0x20 src/ASF/sam0/drivers/usb/usb_sam_d_r/usb.o
                0x00005878                usb_device_enable_callback
 .text.usb_device_disable_callback
                0x00005898       0x1c src/ASF/sam0/drivers/usb/usb_sam_d_r/usb.o
                0x00005898                usb_device_disable_callback
 .text.usb_device_endpoint_register_callback
                0x000058b4       0x28 src/ASF/sam0/drivers/usb/usb_sam_d_r/usb.o
                0x000058b4                usb_device_endpoint_register_callback
 .text.usb_device_endpoint_unregister_callback
                0x000058dc       0x28 src/ASF/sam0/drivers/usb/usb_sam_d_r/usb.o
                0x000058dc                usb_device_endpoint_unregister_callback
 .text.usb_device_endpoint_enable_callback
                0x00005904       0xd0 src/ASF/sam0/drivers/usb/usb_sam_d_r/usb.o
                0x00005904                usb_device_endpoint_enable_callback
 .text.usb_device_endpoint_disable_callback
                0x000059d4       0xd0 src/ASF/sam0/drivers/usb/usb_sam_d_r/usb.o
                0x000059d4                usb_device_endpoint_disable_callback
 .text.usb_device_endpoint_get_config_defaults
                0x00005aa4        0xe src/ASF/sam0/drivers/usb/usb_sam_d_r/usb.o
                0x00005aa4                usb_device_endpoint_get_config_defaults
 *fill*         0x00005ab2        0x2 
 .text.usb_device_endpoint_set_config
                0x00005ab4      0x244 src/ASF/sam0/drivers/usb/usb_sam_d_r/usb.o
                0x00005ab4                usb_device_endpoint_set_config
 .text.usb_device_endpoint_abort_job
                0x00005cf8       0x36 src/ASF/sam0/drivers/usb/usb_sam_d_r/usb.o
                0x00005cf8                usb_device_endpoint_abort_job
 .text.usb_device_endpoint_is_halted
                0x00005d2e       0x2a src/ASF/sam0/drivers/usb/usb_sam_d_r/usb.o
                0x00005d2e                usb_device_endpoint_is_halted
 .text.usb_device_endpoint_set_halt
                0x00005d58       0x26 src/ASF/sam0/drivers/usb/usb_sam_d_r/usb.o
                0x00005d58                usb_device_endpoint_set_halt
 .text.usb_device_endpoint_clear_halt
                0x00005d7e       0x84 src/ASF/sam0/drivers/usb/usb_sam_d_r/usb.o
                0x00005d7e                usb_device_endpoint_clear_halt
 *fill*         0x00005e02        0x2 
 .text.usb_device_endpoint_write_buffer_job
                0x00005e04       0x54 src/ASF/sam0/drivers/usb/usb_sam_d_r/usb.o
                0x00005e04                usb_device_endpoint_write_buffer_job
 .text.usb_device_endpoint_read_buffer_job
                0x00005e58       0x50 src/ASF/sam0/drivers/usb/usb_sam_d_r/usb.o
                0x00005e58                usb_device_endpoint_read_buffer_job
 .text.usb_device_endpoint_setup_buffer_job
                0x00005ea8       0x30 src/ASF/sam0/drivers/usb/usb_sam_d_r/usb.o
                0x00005ea8                usb_device_endpoint_setup_buffer_job
 .text.usb_enable
                0x00005ed8       0x14 src/ASF/sam0/drivers/usb/usb_sam_d_r/usb.o
                0x00005ed8                usb_enable
 .text.USB_Handler
                0x00005eec      0x5c8 src/ASF/sam0/drivers/usb/usb_sam_d_r/usb.o
                0x00005eec                USB_Handler
 .text.usb_get_config_defaults
                0x000064b4        0xe src/ASF/sam0/drivers/usb/usb_sam_d_r/usb.o
                0x000064b4                usb_get_config_defaults
 *fill*         0x000064c2        0x2 
 .text.usb_init
                0x000064c4      0x200 src/ASF/sam0/drivers/usb/usb_sam_d_r/usb.o
                0x000064c4                usb_init
 .text.usart_init
                0x000066c4      0x344 src/ASF/sam0/drivers/sercom/usart/usart.o
                0x000066c4                usart_init
 .text.usart_write_wait
                0x00006a08       0x2c src/ASF/sam0/drivers/sercom/usart/usart.o
                0x00006a08                usart_write_wait
 .text.usart_write_buffer_wait
                0x00006a34       0xc0 src/ASF/sam0/drivers/sercom/usart/usart.o
                0x00006a34                usart_write_buffer_wait
 .text._usart_read_buffer
                0x00006af4       0x50 src/ASF/sam0/drivers/sercom/usart/usart_interrupt.o
                0x00006af4                _usart_read_buffer
 .text.usart_read_buffer_job
                0x00006b44       0x20 src/ASF/sam0/drivers/sercom/usart/usart_interrupt.o
                0x00006b44                usart_read_buffer_job
 .text.usart_abort_job
                0x00006b64       0x20 src/ASF/sam0/drivers/sercom/usart/usart_interrupt.o
                0x00006b64                usart_abort_job
 .text.usart_get_job_status
                0x00006b84       0x1c src/ASF/sam0/drivers/sercom/usart/usart_interrupt.o
                0x00006b84                usart_get_job_status
 .text._usart_interrupt_handler
                0x00006ba0      0x194 src/ASF/sam0/drivers/sercom/usart/usart_interrupt.o
                0x00006ba0                _usart_interrupt_handler
 .text.long_division
                0x00006d34       0xba src/ASF/sam0/drivers/sercom/sercom.o
 .text._sercom_get_sync_baud_val
                0x00006dee       0x28 src/ASF/sam0/drivers/sercom/sercom.o
                0x00006dee                _sercom_get_sync_baud_val
 *fill*         0x00006e16        0x2 
 .text._sercom_get_async_baud_val
                0x00006e18       0x94 src/ASF/sam0/drivers/sercom/sercom.o
                0x00006e18                _sercom_get_async_baud_val
 .text.sercom_set_gclk_generator
                0x00006eac       0x4c src/ASF/sam0/drivers/sercom/sercom.o
                0x00006eac                sercom_set_gclk_generator
 .text._sercom_get_default_pad
                0x00006ef8      0x178 src/ASF/sam0/drivers/sercom/sercom.o
                0x00006ef8                _sercom_get_default_pad
 .text._sercom_get_sercom_inst_index
                0x00007070       0x38 src/ASF/sam0/drivers/sercom/sercom.o
                0x00007070                _sercom_get_sercom_inst_index
 .text._sercom_default_handler
                0x000070a8        0x2 src/ASF/sam0/drivers/sercom/sercom_interrupt.o
 *fill*         0x000070aa        0x2 
 .text._sercom_set_handler
                0x000070ac       0x3c src/ASF/sam0/drivers/sercom/sercom_interrupt.o
                0x000070ac                _sercom_set_handler
 .text._sercom_get_interrupt_vector
                0x000070e8       0x30 src/ASF/sam0/drivers/sercom/sercom_interrupt.o
                0x000070e8                _sercom_get_interrupt_vector
 .text.SERCOM0_Handler
                0x00007118       0x10 src/ASF/sam0/drivers/sercom/sercom_interrupt.o
                0x00007118                SERCOM0_Handler
 .text.SERCOM1_Handler
                0x00007128       0x10 src/ASF/sam0/drivers/sercom/sercom_interrupt.o
                0x00007128                SERCOM1_Handler
 .text.SERCOM2_Handler
                0x00007138       0x10 src/ASF/sam0/drivers/sercom/sercom_interrupt.o
                0x00007138                SERCOM2_Handler
 .text.SERCOM3_Handler
                0x00007148       0x10 src/ASF/sam0/drivers/sercom/sercom_interrupt.o
                0x00007148                SERCOM3_Handler
 .text.SERCOM4_Handler
                0x00007158       0x10 src/ASF/sam0/drivers/sercom/sercom_interrupt.o
                0x00007158                SERCOM4_Handler
 .text.SERCOM5_Handler
                0x00007168       0x10 src/ASF/sam0/drivers/sercom/sercom_interrupt.o
                0x00007168                SERCOM5_Handler
 .text.I2S_Handler
                0x00007178      0x1fc src/ASF/sam0/drivers/i2s/i2s_callback.o
                0x00007178                I2S_Handler
 .text.EIC_Handler
                0x00007374       0x54 src/ASF/sam0/drivers/extint/extint_callback.o
                0x00007374                EIC_Handler
 .text.ac_register_callback
                0x000073c8       0x16 src/ASF/sam0/drivers/ac/ac_callback.o
                0x000073c8                ac_register_callback
 *fill*         0x000073de        0x2 
 .text._ac_interrupt_handler
                0x000073e0       0x50 src/ASF/sam0/drivers/ac/ac_callback.o
                0x000073e0                _ac_interrupt_handler
 .text.AC_Handler
                0x00007430       0x10 src/ASF/sam0/drivers/ac/ac_callback.o
                0x00007430                AC_Handler
 .text.udi_cdc_comm_disable
                0x00007440       0x10 src/ASF/common/services/usb/class/cdc/device/udi_cdc.o
                0x00007440                udi_cdc_comm_disable
 .text.udi_cdc_data_setup
                0x00007450        0x4 src/ASF/common/services/usb/class/cdc/device/udi_cdc.o
                0x00007450                udi_cdc_data_setup
 .text.udi_cdc_getsetting
                0x00007454        0x4 src/ASF/common/services/usb/class/cdc/device/udi_cdc.o
                0x00007454                udi_cdc_getsetting
 .text.udi_cdc_comm_setup
                0x00007458       0x7c src/ASF/common/services/usb/class/cdc/device/udi_cdc.o
                0x00007458                udi_cdc_comm_setup
 .text.udi_cdc_line_coding_received
                0x000074d4        0x2 src/ASF/common/services/usb/class/cdc/device/udi_cdc.o
 *fill*         0x000074d6        0x2 
 .text.udi_cdc_comm_enable
                0x000074d8       0x5c src/ASF/common/services/usb/class/cdc/device/udi_cdc.o
                0x000074d8                udi_cdc_comm_enable
 .text.udi_cdc_tx_send
                0x00007534      0x158 src/ASF/common/services/usb/class/cdc/device/udi_cdc.o
 .text.udi_cdc_data_sent
                0x0000768c       0x3c src/ASF/common/services/usb/class/cdc/device/udi_cdc.o
 .text.udi_cdc_data_sof_notify
                0x000076c8       0x10 src/ASF/common/services/usb/class/cdc/device/udi_cdc.o
                0x000076c8                udi_cdc_data_sof_notify
 .text.udi_cdc_data_disable
                0x000076d8       0x24 src/ASF/common/services/usb/class/cdc/device/udi_cdc.o
                0x000076d8                udi_cdc_data_disable
 .text.udi_cdc_multi_get_nb_received_data
                0x000076fc       0x50 src/ASF/common/services/usb/class/cdc/device/udi_cdc.o
                0x000076fc                udi_cdc_multi_get_nb_received_data
 .text.udi_cdc_get_nb_received_data
                0x0000774c       0x10 src/ASF/common/services/usb/class/cdc/device/udi_cdc.o
                0x0000774c                udi_cdc_get_nb_received_data
 .text.udi_cdc_multi_is_rx_ready
                0x0000775c       0x14 src/ASF/common/services/usb/class/cdc/device/udi_cdc.o
                0x0000775c                udi_cdc_multi_is_rx_ready
 .text.udi_cdc_rx_start
                0x00007770       0xb8 src/ASF/common/services/usb/class/cdc/device/udi_cdc.o
 .text.udi_cdc_data_enable
                0x00007828       0x90 src/ASF/common/services/usb/class/cdc/device/udi_cdc.o
                0x00007828                udi_cdc_data_enable
 .text.udi_cdc_data_received
                0x000078b8       0x64 src/ASF/common/services/usb/class/cdc/device/udi_cdc.o
 .text.udi_cdc_multi_read_buf
                0x0000791c       0xcc src/ASF/common/services/usb/class/cdc/device/udi_cdc.o
                0x0000791c                udi_cdc_multi_read_buf
 .text.udi_cdc_read_buf
                0x000079e8       0x14 src/ASF/common/services/usb/class/cdc/device/udi_cdc.o
                0x000079e8                udi_cdc_read_buf
 .text.udi_cdc_multi_get_free_tx_buffer
                0x000079fc       0x7c src/ASF/common/services/usb/class/cdc/device/udi_cdc.o
                0x000079fc                udi_cdc_multi_get_free_tx_buffer
 .text.udi_cdc_multi_is_tx_ready
                0x00007a78       0x14 src/ASF/common/services/usb/class/cdc/device/udi_cdc.o
                0x00007a78                udi_cdc_multi_is_tx_ready
 .text.udi_cdc_multi_write_buf
                0x00007a8c       0xcc src/ASF/common/services/usb/class/cdc/device/udi_cdc.o
                0x00007a8c                udi_cdc_multi_write_buf
 .text.udi_cdc_write_buf
                0x00007b58       0x14 src/ASF/common/services/usb/class/cdc/device/udi_cdc.o
                0x00007b58                udi_cdc_write_buf
 .text.udc_next_desc_in_iface
                0x00007b6c       0x4c src/ASF/common/services/usb/udc/udc.o
 .text.udc_valid_address
                0x00007bb8       0x18 src/ASF/common/services/usb/udc/udc.o
 .text.udc_update_iface_desc
                0x00007bd0       0x74 src/ASF/common/services/usb/udc/udc.o
 .text.udc_iface_disable
                0x00007c44       0x6c src/ASF/common/services/usb/udc/udc.o
 .text.udc_iface_enable
                0x00007cb0       0x58 src/ASF/common/services/usb/udc/udc.o
 .text.udc_start
                0x00007d08        0xc src/ASF/common/services/usb/udc/udc.o
                0x00007d08                udc_start
 .text.udc_reset
                0x00007d14       0x4c src/ASF/common/services/usb/udc/udc.o
                0x00007d14                udc_reset
 .text.udc_sof_notify
                0x00007d60       0x44 src/ASF/common/services/usb/udc/udc.o
                0x00007d60                udc_sof_notify
 .text.udc_process_setup
                0x00007da4      0x444 src/ASF/common/services/usb/udc/udc.o
                0x00007da4                udc_process_setup
 .text.system_board_init
                0x000081e8       0xd0 src/ASF/common2/boards/user_board/init.o
                0x000081e8                board_init
                0x000081e8                system_board_init
 .text.cpu_irq_enter_critical
                0x000082b8       0x40 src/ASF/common/utils/interrupt/interrupt_sam_nvic.o
                0x000082b8                cpu_irq_enter_critical
 .text.cpu_irq_leave_critical
                0x000082f8       0x30 src/ASF/common/utils/interrupt/interrupt_sam_nvic.o
                0x000082f8                cpu_irq_leave_critical
 .text.system_clock_source_get_hz
                0x00008328       0x90 src/ASF/sam0/drivers/system/clock/clock_samd21_r21_da_ha1/clock.o
                0x00008328                system_clock_source_get_hz
 .text.system_clock_source_osc8m_set_config
                0x000083b8       0x3c src/ASF/sam0/drivers/system/clock/clock_samd21_r21_da_ha1/clock.o
                0x000083b8                system_clock_source_osc8m_set_config
 .text.system_clock_source_xosc32k_set_config
                0x000083f4       0xb8 src/ASF/sam0/drivers/system/clock/clock_samd21_r21_da_ha1/clock.o
                0x000083f4                system_clock_source_xosc32k_set_config
 .text.system_clock_source_dfll_set_config
                0x000084ac       0x80 src/ASF/sam0/drivers/system/clock/clock_samd21_r21_da_ha1/clock.o
                0x000084ac                system_clock_source_dfll_set_config
 .text.system_clock_source_enable
                0x0000852c       0xa8 src/ASF/sam0/drivers/system/clock/clock_samd21_r21_da_ha1/clock.o
                0x0000852c                system_clock_source_enable
 .text.system_clock_init
                0x000085d4      0x1c8 src/ASF/sam0/drivers/system/clock/clock_samd21_r21_da_ha1/clock.o
                0x000085d4                system_clock_init
 .text.system_gclk_init
                0x0000879c       0x24 src/ASF/sam0/drivers/system/clock/clock_samd21_r21_da_ha1/gclk.o
                0x0000879c                system_gclk_init
 .text.system_gclk_gen_set_config
                0x000087c0       0xb8 src/ASF/sam0/drivers/system/clock/clock_samd21_r21_da_ha1/gclk.o
                0x000087c0                system_gclk_gen_set_config
 .text.system_gclk_gen_enable
                0x00008878       0x44 src/ASF/sam0/drivers/system/clock/clock_samd21_r21_da_ha1/gclk.o
                0x00008878                system_gclk_gen_enable
 .text.system_gclk_gen_get_hz
                0x000088bc       0x8c src/ASF/sam0/drivers/system/clock/clock_samd21_r21_da_ha1/gclk.o
                0x000088bc                system_gclk_gen_get_hz
 .text.system_gclk_chan_enable
                0x00008948       0x30 src/ASF/sam0/drivers/system/clock/clock_samd21_r21_da_ha1/gclk.o
                0x00008948                system_gclk_chan_enable
 .text.system_gclk_chan_disable
                0x00008978       0x5c src/ASF/sam0/drivers/system/clock/clock_samd21_r21_da_ha1/gclk.o
                0x00008978                system_gclk_chan_disable
 .text.system_gclk_chan_set_config
                0x000089d4       0x1c src/ASF/sam0/drivers/system/clock/clock_samd21_r21_da_ha1/gclk.o
                0x000089d4                system_gclk_chan_set_config
 .text.system_gclk_chan_get_hz
                0x000089f0       0x34 src/ASF/sam0/drivers/system/clock/clock_samd21_r21_da_ha1/gclk.o
                0x000089f0                system_gclk_chan_get_hz
 .text._system_pinmux_config
                0x00008a24       0xa8 src/ASF/sam0/drivers/system/pinmux/pinmux.o
 .text.system_pinmux_pin_set_config
                0x00008acc       0x30 src/ASF/sam0/drivers/system/pinmux/pinmux.o
                0x00008acc                system_pinmux_pin_set_config
 .text._system_dummy_init
                0x00008afc        0x2 src/ASF/sam0/drivers/system/system.o
                0x00008afc                _system_dummy_init
                0x00008afc                _system_divas_init
 *fill*         0x00008afe        0x2 
 .text.system_init
                0x00008b00       0x2c src/ASF/sam0/drivers/system/system.o
                0x00008b00                system_init
 .text.Dummy_Handler
                0x00008b2c        0x2 src/ASF/sam0/utils/cmsis/samd21/source/gcc/startup_samd21.o
                0x00008b2c                HardFault_Handler
                0x00008b2c                SysTick_Handler
                0x00008b2c                PendSV_Handler
                0x00008b2c                NMI_Handler
                0x00008b2c                Dummy_Handler
                0x00008b2c                PM_Handler
                0x00008b2c                SVC_Handler
                0x00008b2c                EVSYS_Handler
                0x00008b2c                NVMCTRL_Handler
                0x00008b2c                PTC_Handler
                0x00008b2c                SYSCTRL_Handler
 *fill*         0x00008b2e        0x2 
 .text.Reset_Handler
                0x00008b30       0xe4 src/ASF/sam0/utils/cmsis/samd21/source/gcc/startup_samd21.o
                0x00008b30                Reset_Handler
 .text.main     0x00008c14      0x1e8 src/main.o
                0x00008c14                main
 .text.sqrtf    0x00008dfc       0xa4 c:/program files (x86)/atmel/studio/7.0/toolchain/arm/arm-gnu-toolchain/bin/../lib/gcc/arm-none-eabi/6.3.1/../../../../arm-none-eabi/lib/thumb/v6-m\libm.a(lib_a-wf_sqrt.o)
                0x00008dfc                sqrtf
 .text.__ieee754_sqrtf
                0x00008ea0       0xb8 c:/program files (x86)/atmel/studio/7.0/toolchain/arm/arm-gnu-toolchain/bin/../lib/gcc/arm-none-eabi/6.3.1/../../../../arm-none-eabi/lib/thumb/v6-m\libm.a(lib_a-ef_sqrt.o)
                0x00008ea0                __ieee754_sqrtf
 .text.matherr  0x00008f58        0x4 c:/program files (x86)/atmel/studio/7.0/toolchain/arm/arm-gnu-toolchain/bin/../lib/gcc/arm-none-eabi/6.3.1/../../../../arm-none-eabi/lib/thumb/v6-m\libm.a(lib_a-s_matherr.o)
                0x00008f58                matherr
 .text          0x00008f5c      0x114 c:/program files (x86)/atmel/studio/7.0/toolchain/arm/arm-gnu-toolchain/bin/../lib/gcc/arm-none-eabi/6.3.1/thumb/v6-m\libgcc.a(_udivsi3.o)
                0x00008f5c                __aeabi_uidiv
                0x00008f5c                __udivsi3
                0x00009068                __aeabi_uidivmod
 .text          0x00009070      0x1d4 c:/program files (x86)/atmel/studio/7.0/toolchain/arm/arm-gnu-toolchain/bin/../lib/gcc/arm-none-eabi/6.3.1/thumb/v6-m\libgcc.a(_divsi3.o)
                0x00009070                __divsi3
                0x00009070                __aeabi_idiv
                0x0000923c                __aeabi_idivmod
 .text          0x00009244        0x4 c:/program files (x86)/atmel/studio/7.0/toolchain/arm/arm-gnu-toolchain/bin/../lib/gcc/arm-none-eabi/6.3.1/thumb/v6-m\libgcc.a(_dvmd_tls.o)
                0x00009244                __aeabi_idiv0
                0x00009244                __aeabi_ldiv0
 .text          0x00009248       0x74 c:/program files (x86)/atmel/studio/7.0/toolchain/arm/arm-gnu-toolchain/bin/../lib/gcc/arm-none-eabi/6.3.1/thumb/v6-m\libgcc.a(_arm_cmpsf2.o)
                0x00009248                __aeabi_cfrcmple
                0x00009250                __aeabi_cfcmpeq
                0x00009250                __aeabi_cfcmple
                0x00009260                __aeabi_fcmpeq
                0x0000926c                __aeabi_fcmplt
                0x00009280                __aeabi_fcmple
                0x00009294                __aeabi_fcmpgt
                0x000092a8                __aeabi_fcmpge
 .text          0x000092bc       0x3c c:/program files (x86)/atmel/studio/7.0/toolchain/arm/arm-gnu-toolchain/bin/../lib/gcc/arm-none-eabi/6.3.1/thumb/v6-m\libgcc.a(_clzsi2.o)
                0x000092bc                __clzsi2
 .text          0x000092f8       0x40 c:/program files (x86)/atmel/studio/7.0/toolchain/arm/arm-gnu-toolchain/bin/../lib/gcc/arm-none-eabi/6.3.1/thumb/v6-m\libgcc.a(_ctzsi2.o)
                0x000092f8                __ctzsi2
 .text          0x00009338       0x40 c:/program files (x86)/atmel/studio/7.0/toolchain/arm/arm-gnu-toolchain/bin/../lib/gcc/arm-none-eabi/6.3.1/thumb/v6-m\libgcc.a(_aeabi_uldivmod.o)
                0x00009338                __aeabi_uldivmod
 .text          0x00009378       0x54 c:/program files (x86)/atmel/studio/7.0/toolchain/arm/arm-gnu-toolchain/bin/../lib/gcc/arm-none-eabi/6.3.1/thumb/v6-m\libgcc.a(_muldi3.o)
                0x00009378                __muldi3
                0x00009378                __aeabi_lmul
 .text          0x000093cc       0x30 c:/program files (x86)/atmel/studio/7.0/toolchain/arm/arm-gnu-toolchain/bin/../lib/gcc/arm-none-eabi/6.3.1/thumb/v6-m\libgcc.a(_fixunssfsi.o)
                0x000093cc                __fixunssfsi
                0x000093cc                __aeabi_f2uiz
 .text          0x000093fc       0x48 c:/program files (x86)/atmel/studio/7.0/toolchain/arm/arm-gnu-toolchain/bin/../lib/gcc/arm-none-eabi/6.3.1/thumb/v6-m\libgcc.a(_floatundisf.o)
                0x000093fc                __aeabi_ul2f
                0x000093fc                __floatundisf
 .text          0x00009444      0x180 c:/program files (x86)/atmel/studio/7.0/toolchain/arm/arm-gnu-toolchain/bin/../lib/gcc/arm-none-eabi/6.3.1/thumb/v6-m\libgcc.a(_udivmoddi4.o)
                0x00009444                __udivmoddi4
 .text          0x000095c4      0x324 c:/program files (x86)/atmel/studio/7.0/toolchain/arm/arm-gnu-toolchain/bin/../lib/gcc/arm-none-eabi/6.3.1/thumb/v6-m\libgcc.a(addsf3.o)
                0x000095c4                __aeabi_fadd
 .text          0x000098e8      0x290 c:/program files (x86)/atmel/studio/7.0/toolchain/arm/arm-gnu-toolchain/bin/../lib/gcc/arm-none-eabi/6.3.1/thumb/v6-m\libgcc.a(divsf3.o)
                0x000098e8                __aeabi_fdiv
 .text          0x00009b78       0x4c c:/program files (x86)/atmel/studio/7.0/toolchain/arm/arm-gnu-toolchain/bin/../lib/gcc/arm-none-eabi/6.3.1/thumb/v6-m\libgcc.a(eqsf2.o)
                0x00009b78                __eqsf2
                0x00009b78                __nesf2
 .text          0x00009bc4       0x80 c:/program files (x86)/atmel/studio/7.0/toolchain/arm/arm-gnu-toolchain/bin/../lib/gcc/arm-none-eabi/6.3.1/thumb/v6-m\libgcc.a(gesf2.o)
                0x00009bc4                __gesf2
                0x00009bc4                __gtsf2
 .text          0x00009c44       0x84 c:/program files (x86)/atmel/studio/7.0/toolchain/arm/arm-gnu-toolchain/bin/../lib/gcc/arm-none-eabi/6.3.1/thumb/v6-m\libgcc.a(lesf2.o)
                0x00009c44                __ltsf2
                0x00009c44                __lesf2
 .text          0x00009cc8      0x240 c:/program files (x86)/atmel/studio/7.0/toolchain/arm/arm-gnu-toolchain/bin/../lib/gcc/arm-none-eabi/6.3.1/thumb/v6-m\libgcc.a(mulsf3.o)
                0x00009cc8                __aeabi_fmul
 .text          0x00009f08      0x338 c:/program files (x86)/atmel/studio/7.0/toolchain/arm/arm-gnu-toolchain/bin/../lib/gcc/arm-none-eabi/6.3.1/thumb/v6-m\libgcc.a(subsf3.o)
                0x00009f08                __aeabi_fsub
 .text          0x0000a240       0x30 c:/program files (x86)/atmel/studio/7.0/toolchain/arm/arm-gnu-toolchain/bin/../lib/gcc/arm-none-eabi/6.3.1/thumb/v6-m\libgcc.a(unordsf2.o)
                0x0000a240                __aeabi_fcmpun
 .text          0x0000a270       0x40 c:/program files (x86)/atmel/studio/7.0/toolchain/arm/arm-gnu-toolchain/bin/../lib/gcc/arm-none-eabi/6.3.1/thumb/v6-m\libgcc.a(fixsfsi.o)
                0x0000a270                __aeabi_f2iz
 .text          0x0000a2b0       0x8c c:/program files (x86)/atmel/studio/7.0/toolchain/arm/arm-gnu-toolchain/bin/../lib/gcc/arm-none-eabi/6.3.1/thumb/v6-m\libgcc.a(floatunsisf.o)
                0x0000a2b0                __aeabi_ui2f
 .text          0x0000a33c      0x620 c:/program files (x86)/atmel/studio/7.0/toolchain/arm/arm-gnu-toolchain/bin/../lib/gcc/arm-none-eabi/6.3.1/thumb/v6-m\libgcc.a(adddf3.o)
                0x0000a33c                __aeabi_dadd
 .text          0x0000a95c      0x668 c:/program files (x86)/atmel/studio/7.0/toolchain/arm/arm-gnu-toolchain/bin/../lib/gcc/arm-none-eabi/6.3.1/thumb/v6-m\libgcc.a(divdf3.o)
                0x0000a95c                __aeabi_ddiv
 .text          0x0000afc4      0x500 c:/program files (x86)/atmel/studio/7.0/toolchain/arm/arm-gnu-toolchain/bin/../lib/gcc/arm-none-eabi/6.3.1/thumb/v6-m\libgcc.a(muldf3.o)
                0x0000afc4                __aeabi_dmul
 .text          0x0000b4c4      0x62c c:/program files (x86)/atmel/studio/7.0/toolchain/arm/arm-gnu-toolchain/bin/../lib/gcc/arm-none-eabi/6.3.1/thumb/v6-m\libgcc.a(subdf3.o)
                0x0000b4c4                __aeabi_dsub
 .text          0x0000baf0       0x68 c:/program files (x86)/atmel/studio/7.0/toolchain/arm/arm-gnu-toolchain/bin/../lib/gcc/arm-none-eabi/6.3.1/thumb/v6-m\libgcc.a(fixdfsi.o)
                0x0000baf0                __aeabi_d2iz
 .text          0x0000bb58       0x70 c:/program files (x86)/atmel/studio/7.0/toolchain/arm/arm-gnu-toolchain/bin/../lib/gcc/arm-none-eabi/6.3.1/thumb/v6-m\libgcc.a(floatunsidf.o)
                0x0000bb58                __aeabi_ui2d
 .text          0x0000bbc8       0xa4 c:/program files (x86)/atmel/studio/7.0/toolchain/arm/arm-gnu-toolchain/bin/../lib/gcc/arm-none-eabi/6.3.1/thumb/v6-m\libgcc.a(extendsfdf2.o)
                0x0000bbc8                __aeabi_f2d
 .text          0x0000bc6c      0x114 c:/program files (x86)/atmel/studio/7.0/toolchain/arm/arm-gnu-toolchain/bin/../lib/gcc/arm-none-eabi/6.3.1/thumb/v6-m\libgcc.a(truncdfsf2.o)
                0x0000bc6c                __aeabi_d2f
 .text          0x0000bd80       0x18 c:/program files (x86)/atmel/studio/7.0/toolchain/arm/arm-gnu-toolchain/bin/../lib/gcc/arm-none-eabi/6.3.1/thumb/v6-m\libgcc.a(_clzdi2.o)
                0x0000bd80                __clzdi2
 .text.__errno  0x0000bd98        0xc c:/program files (x86)/atmel/studio/7.0/toolchain/arm/arm-gnu-toolchain/bin/../lib/gcc/arm-none-eabi/6.3.1/../../../../arm-none-eabi/lib/thumb/v6-m\libc_nano.a(lib_a-errno.o)
                0x0000bd98                __errno
 .text.__libc_init_array
                0x0000bda4       0x48 c:/program files (x86)/atmel/studio/7.0/toolchain/arm/arm-gnu-toolchain/bin/../lib/gcc/arm-none-eabi/6.3.1/../../../../arm-none-eabi/lib/thumb/v6-m\libc_nano.a(lib_a-init.o)
                0x0000bda4                __libc_init_array
 .text.memcpy   0x0000bdec       0x12 c:/program files (x86)/atmel/studio/7.0/toolchain/arm/arm-gnu-toolchain/bin/../lib/gcc/arm-none-eabi/6.3.1/../../../../arm-none-eabi/lib/thumb/v6-m\libc_nano.a(lib_a-memcpy-stub.o)
                0x0000bdec                memcpy
 .text.memset   0x0000bdfe       0x10 c:/program files (x86)/atmel/studio/7.0/toolchain/arm/arm-gnu-toolchain/bin/../lib/gcc/arm-none-eabi/6.3.1/../../../../arm-none-eabi/lib/thumb/v6-m\libc_nano.a(lib_a-memset.o)
                0x0000bdfe                memset
 *(.glue_7t)
 .glue_7t       0x0000be0e        0x0 linker stubs
 *(.glue_7)
 .glue_7        0x0000be0e        0x0 linker stubs
 *(.rodata .rodata* .gnu.linkonce.r.*)
 *fill*         0x0000be0e        0x2 
 .rodata.adc_init
                0x0000be10       0xd4 src/ASF/sam0/drivers/adc/adc_sam_d_r_h/adc.o
 .rodata        0x0000bee4       0x50 src/ASF/sam0/drivers/adc/adc_sam_d_r_h/adc.o
 .rodata._tcc_intflag
                0x0000bf34       0x30 src/ASF/sam0/drivers/tcc/tcc_callback.o
                0x0000bf34                _tcc_intflag
 .rodata        0x0000bf64      0x200 src/dxl_pro.o
 .rodata.fSerial_processCommands
                0x0000c164      0x16c src/serialProtocol.o
 .rodata        0x0000c2d0        0x2 src/serialProtocol.o
 *fill*         0x0000c2d2        0x2 
 .rodata.pearsondata
                0x0000c2d4      0x100 src/serialProtocol.o
                0x0000c2d4                pearsondata
 .rodata.GetRegisterLength
                0x0000c3d4       0xcc src/XL320.o
 .rodata        0x0000c4a0        0xc src/ASF/sam0/drivers/tc/tc_sam_d_r_h/tc.o
 .rodata.usb_device_endpoint_set_config
                0x0000c4ac       0x14 src/ASF/sam0/drivers/usb/usb_sam_d_r/usb.o
 .rodata._usb_device_irq_bits
                0x0000c4c0        0xe src/ASF/sam0/drivers/usb/usb_sam_d_r/usb.o
 *fill*         0x0000c4ce        0x2 
 .rodata._usb_endpoint_irq_bits
                0x0000c4d0        0x4 src/ASF/sam0/drivers/usb/usb_sam_d_r/usb.o
 .rodata        0x0000c4d4       0x18 src/ASF/sam0/drivers/sercom/sercom.o
 .rodata.system_clock_source_get_hz
                0x0000c4ec       0x24 src/ASF/sam0/drivers/system/clock/clock_samd21_r21_da_ha1/clock.o
 .rodata.system_clock_source_enable
                0x0000c510       0x24 src/ASF/sam0/drivers/system/clock/clock_samd21_r21_da_ha1/clock.o
 .rodata.sqrtf.str1.4
                0x0000c534        0x8 c:/program files (x86)/atmel/studio/7.0/toolchain/arm/arm-gnu-toolchain/bin/../lib/gcc/arm-none-eabi/6.3.1/../../../../arm-none-eabi/lib/thumb/v6-m\libm.a(lib_a-wf_sqrt.o)
                                  0x6 (size before relaxing)
 .rodata        0x0000c53c       0x80 c:/program files (x86)/atmel/studio/7.0/toolchain/arm/arm-gnu-toolchain/bin/../lib/gcc/arm-none-eabi/6.3.1/thumb/v6-m\libgcc.a(divsf3.o)
 .rodata        0x0000c5bc       0x40 c:/program files (x86)/atmel/studio/7.0/toolchain/arm/arm-gnu-toolchain/bin/../lib/gcc/arm-none-eabi/6.3.1/thumb/v6-m\libgcc.a(mulsf3.o)
 .rodata        0x0000c5fc       0x40 c:/program files (x86)/atmel/studio/7.0/toolchain/arm/arm-gnu-toolchain/bin/../lib/gcc/arm-none-eabi/6.3.1/thumb/v6-m\libgcc.a(divdf3.o)
 .rodata        0x0000c63c       0x40 c:/program files (x86)/atmel/studio/7.0/toolchain/arm/arm-gnu-toolchain/bin/../lib/gcc/arm-none-eabi/6.3.1/thumb/v6-m\libgcc.a(muldf3.o)
 *(.ARM.extab* .gnu.linkonce.armextab.*)
                0x0000c67c                . = ALIGN (0x4)
 *(.init)
 .init          0x0000c67c        0x4 c:/program files (x86)/atmel/studio/7.0/toolchain/arm/arm-gnu-toolchain/bin/../lib/gcc/arm-none-eabi/6.3.1/thumb/v6-m/crti.o
                0x0000c67c                _init
 .init          0x0000c680        0x8 c:/program files (x86)/atmel/studio/7.0/toolchain/arm/arm-gnu-toolchain/bin/../lib/gcc/arm-none-eabi/6.3.1/thumb/v6-m/crtn.o
                0x0000c688                . = ALIGN (0x4)
                0x0000c688                __preinit_array_start = .
 *(.preinit_array)
                0x0000c688                __preinit_array_end = .
                0x0000c688                . = ALIGN (0x4)
                0x0000c688                __init_array_start = .
 *(SORT(.init_array.*))
 *(.init_array)
 .init_array    0x0000c688        0x4 c:/program files (x86)/atmel/studio/7.0/toolchain/arm/arm-gnu-toolchain/bin/../lib/gcc/arm-none-eabi/6.3.1/thumb/v6-m/crtbegin.o
                0x0000c68c                __init_array_end = .
                0x0000c68c                . = ALIGN (0x4)
 *crtbegin.o(.ctors)
 *(EXCLUDE_FILE(*crtend.o) .ctors)
 *(SORT(.ctors.*))
 *crtend.o(.ctors)
                0x0000c68c                . = ALIGN (0x4)
 *(.fini)
 .fini          0x0000c68c        0x4 c:/program files (x86)/atmel/studio/7.0/toolchain/arm/arm-gnu-toolchain/bin/../lib/gcc/arm-none-eabi/6.3.1/thumb/v6-m/crti.o
                0x0000c68c                _fini
 .fini          0x0000c690        0x8 c:/program files (x86)/atmel/studio/7.0/toolchain/arm/arm-gnu-toolchain/bin/../lib/gcc/arm-none-eabi/6.3.1/thumb/v6-m/crtn.o
                0x0000c698                . = ALIGN (0x4)
                0x0000c698                __fini_array_start = .
 *(.fini_array)
 .fini_array    0x0000c698        0x4 c:/program files (x86)/atmel/studio/7.0/toolchain/arm/arm-gnu-toolchain/bin/../lib/gcc/arm-none-eabi/6.3.1/thumb/v6-m/crtbegin.o
 *(SORT(.fini_array.*))
                0x0000c69c                __fini_array_end = .
 *crtbegin.o(.dtors)
 *(EXCLUDE_FILE(*crtend.o) .dtors)
 *(SORT(.dtors.*))
 *crtend.o(.dtors)
                0x0000c69c                . = ALIGN (0x4)
                0x0000c69c                _efixed = .
                [!provide]                PROVIDE (__exidx_start, .)

.vfp11_veneer   0x0000c69c        0x0
 .vfp11_veneer  0x0000c69c        0x0 linker stubs

.v4_bx          0x0000c69c        0x0
 .v4_bx         0x0000c69c        0x0 linker stubs

.iplt           0x0000c69c        0x0
 .iplt          0x0000c69c        0x0 c:/program files (x86)/atmel/studio/7.0/toolchain/arm/arm-gnu-toolchain/bin/../lib/gcc/arm-none-eabi/6.3.1/thumb/v6-m/crtbegin.o

.ARM.exidx      0x0000c69c        0x8
 *(.ARM.exidx* .gnu.linkonce.armexidx.*)
 .ARM.exidx     0x0000c69c        0x8 c:/program files (x86)/atmel/studio/7.0/toolchain/arm/arm-gnu-toolchain/bin/../lib/gcc/arm-none-eabi/6.3.1/thumb/v6-m\libgcc.a(_udivmoddi4.o)
                [!provide]                PROVIDE (__exidx_end, .)

.eh_frame       0x0000c6a4        0x0
 .eh_frame      0x0000c6a4        0x0 c:/program files (x86)/atmel/studio/7.0/toolchain/arm/arm-gnu-toolchain/bin/../lib/gcc/arm-none-eabi/6.3.1/thumb/v6-m/crtbegin.o

.rel.dyn        0x0000c6a4        0x0
 .rel.iplt      0x0000c6a4        0x0 c:/program files (x86)/atmel/studio/7.0/toolchain/arm/arm-gnu-toolchain/bin/../lib/gcc/arm-none-eabi/6.3.1/thumb/v6-m/crtbegin.o
                0x0000c6a4                . = ALIGN (0x4)
                0x0000c6a4                _etext = .

.configuration  0x0003ff00       0x2c
 *(.configuration)
 .configuration
                0x0003ff00       0x2c src/user.o
                0x0003ff00                FlashVersion

.jcr            0x0003ff2c        0x0
 .jcr           0x0003ff2c        0x0 c:/program files (x86)/atmel/studio/7.0/toolchain/arm/arm-gnu-toolchain/bin/../lib/gcc/arm-none-eabi/6.3.1/thumb/v6-m/crtbegin.o

.igot.plt       0x0003ff2c        0x0
 .igot.plt      0x0003ff2c        0x0 c:/program files (x86)/atmel/studio/7.0/toolchain/arm/arm-gnu-toolchain/bin/../lib/gcc/arm-none-eabi/6.3.1/thumb/v6-m/crtbegin.o

.relocate       0x20000000      0x170 load address 0x0000c6a4
                0x20000000                . = ALIGN (0x4)
                0x20000000                _srelocate = .
 *(.ramfunc .ramfunc.*)
 *(.data .data.*)
 .data.Cfg_offset
                0x20000000        0x6 src/Analog.o
                0x20000000                Cfg_offset
 *fill*         0x20000006        0x2 
 .data.ovl_recovery_tm
                0x20000008        0x4 src/Analog.o
                0x20000008                ovl_recovery_tm
 .data._dma_inst
                0x2000000c        0xc src/ASF/sam0/drivers/dma/dma.o
                0x2000000c                _dma_inst
 .data.press_thd
                0x20000018        0x4 src/CAP1203.o
                0x20000018                press_thd
 .data.servo_off_delay
                0x2000001c        0x4 src/CAP1203.o
                0x2000001c                servo_off_delay
 .data.touch_auto_off
                0x20000020        0x1 src/serialProtocol.o
                0x20000020                touch_auto_off
 *fill*         0x20000021        0x1 
 .data.trig_angle
                0x20000022        0x2 src/serialProtocol.o
                0x20000022                trig_angle
 .data.DAC_dma_done
                0x20000024        0x4 src/SoundRX.o
                0x20000024                DAC_dma_done
 .data._events_inst
                0x20000028        0x8 src/ASF/sam0/drivers/events/events_sam_d_r_h/events.o
                0x20000028                _events_inst
 .data.udi_api_cdc_comm
                0x20000030       0x14 src/ASF/common/services/usb/class/cdc/device/udi_cdc.o
                0x20000030                udi_api_cdc_comm
 .data.udi_api_cdc_data
                0x20000044       0x14 src/ASF/common/services/usb/class/cdc/device/udi_cdc.o
                0x20000044                udi_api_cdc_data
 .data.udc_string_desc
                0x20000058       0x18 src/ASF/common/services/usb/udc/udc.o
 .data.udc_string_desc_languageid
                0x20000070        0x4 src/ASF/common/services/usb/udc/udc.o
 .data.udc_string_manufacturer_name
                0x20000074        0xc src/ASF/common/services/usb/udc/udc.o
 .data.udc_string_product_name
                0x20000080        0x8 src/ASF/common/services/usb/udc/udc.o
 .data.udc_config
                0x20000088        0xc src/ASF/common/services/usb/class/cdc/device/udi_cdc_desc.o
                0x20000088                udc_config
 .data.udc_config_fs
                0x20000094        0x8 src/ASF/common/services/usb/class/cdc/device/udi_cdc_desc.o
                0x20000094                udc_config_fs
 .data.udc_desc_fs
                0x2000009c       0x43 src/ASF/common/services/usb/class/cdc/device/udi_cdc_desc.o
                0x2000009c                udc_desc_fs
 *fill*         0x200000df        0x1 
 .data.udc_device_desc
                0x200000e0       0x12 src/ASF/common/services/usb/class/cdc/device/udi_cdc_desc.o
                0x200000e0                udc_device_desc
 *fill*         0x200000f2        0x2 
 .data.udc_device_lpm
                0x200000f4        0xc src/ASF/common/services/usb/class/cdc/device/udi_cdc_desc.o
                0x200000f4                udc_device_lpm
 .data.udi_apis
                0x20000100        0x8 src/ASF/common/services/usb/class/cdc/device/udi_cdc_desc.o
                0x20000100                udi_apis
 .data.g_interrupt_enabled
                0x20000108        0x1 src/ASF/common/utils/interrupt/interrupt_sam_nvic.o
                0x20000108                g_interrupt_enabled
 .data.__fdlib_version
                0x20000109        0x1 c:/program files (x86)/atmel/studio/7.0/toolchain/arm/arm-gnu-toolchain/bin/../lib/gcc/arm-none-eabi/6.3.1/../../../../arm-none-eabi/lib/thumb/v6-m\libm.a(lib_a-s_lib_ver.o)
                0x20000109                __fdlib_version
 *fill*         0x2000010a        0x2 
 .data._impure_ptr
                0x2000010c        0x4 c:/program files (x86)/atmel/studio/7.0/toolchain/arm/arm-gnu-toolchain/bin/../lib/gcc/arm-none-eabi/6.3.1/../../../../arm-none-eabi/lib/thumb/v6-m\libc_nano.a(lib_a-impure.o)
                0x2000010c                _impure_ptr
 .data.impure_data
                0x20000110       0x60 c:/program files (x86)/atmel/studio/7.0/toolchain/arm/arm-gnu-toolchain/bin/../lib/gcc/arm-none-eabi/6.3.1/../../../../arm-none-eabi/lib/thumb/v6-m\libc_nano.a(lib_a-impure.o)
                0x20000170                . = ALIGN (0x4)
                0x20000170                _erelocate = .

.bss            0x20000170     0x2870 load address 0x0000c820
                0x20000170                . = ALIGN (0x4)
                0x20000170                _sbss = .
                0x20000170                _szero = .
 *(.bss .bss.*)
 .bss           0x20000170       0x1c c:/program files (x86)/atmel/studio/7.0/toolchain/arm/arm-gnu-toolchain/bin/../lib/gcc/arm-none-eabi/6.3.1/thumb/v6-m/crtbegin.o
 .bss.ac_instance
                0x2000018c       0x1c src/Analog.o
 *fill*         0x200001a8        0x8 
 .bss.adc_buffer
                0x200001b0      0xc00 src/Analog.o
 .bss.adc_dma_timeout
                0x20000db0        0x4 src/Analog.o
                0x20000db0                adc_dma_timeout
 .bss.adc_dma_tm
                0x20000db4        0x4 src/Analog.o
                0x20000db4                adc_dma_tm
 .bss.bCompute_offset
                0x20000db8        0x4 src/Analog.o
                0x20000db8                bCompute_offset
 .bss.buffer_idx
                0x20000dbc        0x4 src/Analog.o
                0x20000dbc                buffer_idx
 .bss.l_buffer_idx
                0x20000dc0        0x4 src/Analog.o
                0x20000dc0                l_buffer_idx
 .bss.mic_idx   0x20000dc4        0x4 src/Analog.o
                0x20000dc4                mic_idx
 .bss.servo_overload
                0x20000dc8        0x4 src/Analog.o
                0x20000dc8                servo_overload
 .bss.servo_recon_tm
                0x20000dcc        0x4 src/Analog.o
                0x20000dcc                servo_recon_tm
 .bss.transfer_is_done
                0x20000dd0        0x4 src/Analog.o
                0x20000dd0                transfer_is_done
 .bss._dma_active_resource
                0x20000dd4       0x14 src/ASF/sam0/drivers/dma/dma.o
 *fill*         0x20000de8        0x8 
 .bss._write_back_section
                0x20000df0       0x50 src/ASF/sam0/drivers/dma/dma.o
 .bss.g_chan_interrupt_flag
                0x20000e40        0x5 src/ASF/sam0/drivers/dma/dma.o
                0x20000e40                g_chan_interrupt_flag
 .bss.device_ID
                0x20000e45        0x1 src/CAP1203.o
                0x20000e45                device_ID
 *fill*         0x20000e46        0x2 
 .bss.press_cnt
                0x20000e48        0xc src/CAP1203.o
                0x20000e48                press_cnt
 .bss.pressed_button
                0x20000e54        0x1 src/CAP1203.o
                0x20000e54                pressed_button
 .bss.servo_moving
                0x20000e55        0x1 src/CAP1203.o
                0x20000e55                servo_moving
 *fill*         0x20000e56        0x2 
 .bss.servo_off_tm
                0x20000e58        0x4 src/CAP1203.o
                0x20000e58                servo_off_tm
 .bss.touch_tm  0x20000e5c        0x4 src/CAP1203.o
                0x20000e5c                touch_tm
 .bss.UART_SerialPort_Instance
                0x20000e60        0x4 src/serialProtocol.o
                0x20000e60                UART_SerialPort_Instance
 .bss.dma_tm    0x20000e64        0x4 src/SoundRX.o
                0x20000e64                dma_tm
 .bss.l_rxBuf_idx
                0x20000e68        0x4 src/SoundRX.o
                0x20000e68                l_rxBuf_idx
 .bss.rxBuf_idx
                0x20000e6c        0x4 src/SoundRX.o
                0x20000e6c                rxBuf_idx
 .bss.ADC_dma_overrun
                0x20000e70        0x1 src/SoundTX.o
                0x20000e70                ADC_dma_overrun
 .bss.dma_i2s_tx_done
                0x20000e71        0x1 src/SoundTX.o
                0x20000e71                dma_i2s_tx_done
 *fill*         0x20000e72        0x2 
 .bss.txBuf_idx
                0x20000e74        0x4 src/SoundTX.o
                0x20000e74                txBuf_idx
 .bss.TickCount
                0x20000e78        0x4 src/user.o
                0x20000e78                TickCount
 .bss.bforwarding
                0x20000e7c        0x4 src/user.o
                0x20000e7c                bforwarding
 .bss.nBytes    0x20000e80        0x4 src/user.o
                0x20000e80                nBytes
 .bss.b_shortpacket.13325
                0x20000e84        0x1 src/ASF/sam0/drivers/usb/stack_interface/usb_device_udd.o
 *fill*         0x20000e85        0x1 
 .bss.udd_ctrl_payload_nb_trans
                0x20000e86        0x2 src/ASF/sam0/drivers/usb/stack_interface/usb_device_udd.o
 .bss.udd_ctrl_prev_payload_nb_trans
                0x20000e88        0x2 src/ASF/sam0/drivers/usb/stack_interface/usb_device_udd.o
 .bss.udd_ep_control_state
                0x20000e8a        0x1 src/ASF/sam0/drivers/usb/stack_interface/usb_device_udd.o
 *fill*         0x20000e8b        0x1 
 .bss.udd_ep_job
                0x20000e8c       0x78 src/ASF/sam0/drivers/usb/stack_interface/usb_device_udd.o
 .bss.udd_state.13182
                0x20000f04        0x1 src/ASF/sam0/drivers/usb/stack_interface/usb_device_udd.o
 *fill*         0x20000f05        0x3 
 .bss._usb_instances
                0x20000f08        0x4 src/ASF/sam0/drivers/usb/usb_sam_d_r/usb.o
 .bss.device_callback_lpm_wakeup_enable
                0x20000f0c        0x4 src/ASF/sam0/drivers/usb/usb_sam_d_r/usb.o
 .bss.ep_callback_para
                0x20000f10        0x8 src/ASF/sam0/drivers/usb/usb_sam_d_r/usb.o
 .bss.host_pipe_job_busy_status
                0x20000f18        0x4 src/ASF/sam0/drivers/usb/usb_sam_d_r/usb.o
                0x20000f18                host_pipe_job_busy_status
 .bss.pipe_callback_para
                0x20000f1c        0x6 src/ASF/sam0/drivers/usb/usb_sam_d_r/usb.o
 *fill*         0x20000f22        0x2 
 .bss._sercom_config
                0x20000f24        0x2 src/ASF/sam0/drivers/sercom/sercom.o
 .bss._handler_table_initialized
                0x20000f26        0x1 src/ASF/sam0/drivers/sercom/sercom_interrupt.o
 *fill*         0x20000f27        0x1 
 .bss._sercom_interrupt_handlers
                0x20000f28       0x18 src/ASF/sam0/drivers/sercom/sercom_interrupt.o
 .bss.sof_zlp_counter.12395
                0x20000f40        0x2 src/ASF/common/services/usb/class/cdc/device/udi_cdc.o
 .bss.udi_cdc_data_running
                0x20000f42        0x1 src/ASF/common/services/usb/class/cdc/device/udi_cdc.o
 *fill*         0x20000f43        0x1 
 .bss.udi_cdc_line_coding
                0x20000f44        0x7 src/ASF/common/services/usb/class/cdc/device/udi_cdc.o
 .bss.udi_cdc_nb_comm_enabled
                0x20000f4b        0x1 src/ASF/common/services/usb/class/cdc/device/udi_cdc.o
 .bss.udi_cdc_nb_data_enabled
                0x20000f4c        0x1 src/ASF/common/services/usb/class/cdc/device/udi_cdc.o
 *fill*         0x20000f4d        0x3 
 .bss.udi_cdc_rx_buf
                0x20000f50       0x80 src/ASF/common/services/usb/class/cdc/device/udi_cdc.o
 .bss.udi_cdc_rx_buf_nb
                0x20000fd0        0x4 src/ASF/common/services/usb/class/cdc/device/udi_cdc.o
 .bss.udi_cdc_rx_buf_sel
                0x20000fd4        0x1 src/ASF/common/services/usb/class/cdc/device/udi_cdc.o
 *fill*         0x20000fd5        0x3 
 .bss.udi_cdc_rx_pos
                0x20000fd8        0x2 src/ASF/common/services/usb/class/cdc/device/udi_cdc.o
 *fill*         0x20000fda        0x2 
 .bss.udi_cdc_rx_trans_ongoing
                0x20000fdc        0x1 src/ASF/common/services/usb/class/cdc/device/udi_cdc.o
 *fill*         0x20000fdd        0x3 
 .bss.udi_cdc_state
                0x20000fe0        0x2 src/ASF/common/services/usb/class/cdc/device/udi_cdc.o
 *fill*         0x20000fe2        0x2 
 .bss.udi_cdc_tx_both_buf_to_send
                0x20000fe4        0x1 src/ASF/common/services/usb/class/cdc/device/udi_cdc.o
 *fill*         0x20000fe5        0x3 
 .bss.udi_cdc_tx_buf
                0x20000fe8       0x80 src/ASF/common/services/usb/class/cdc/device/udi_cdc.o
 .bss.udi_cdc_tx_buf_nb
                0x20001068        0x4 src/ASF/common/services/usb/class/cdc/device/udi_cdc.o
 .bss.udi_cdc_tx_buf_sel
                0x2000106c        0x1 src/ASF/common/services/usb/class/cdc/device/udi_cdc.o
 *fill*         0x2000106d        0x3 
 .bss.udi_cdc_tx_sof_num
                0x20001070        0x2 src/ASF/common/services/usb/class/cdc/device/udi_cdc.o
 *fill*         0x20001072        0x2 
 .bss.udi_cdc_tx_trans_ongoing
                0x20001074        0x1 src/ASF/common/services/usb/class/cdc/device/udi_cdc.o
 *fill*         0x20001075        0x3 
 .bss.uid_cdc_state_msg
                0x20001078        0xa src/ASF/common/services/usb/class/cdc/device/udi_cdc.o
 .bss.udc_device_status
                0x20001082        0x2 src/ASF/common/services/usb/udc/udc.o
 .bss.udc_ep_status.12043
                0x20001084        0x2 src/ASF/common/services/usb/udc/udc.o
 *fill*         0x20001086        0x2 
 .bss.udc_iface_setting
                0x20001088        0x1 src/ASF/common/services/usb/udc/udc.o
 *fill*         0x20001089        0x3 
 .bss.udc_num_configuration
                0x2000108c        0x1 src/ASF/common/services/usb/udc/udc.o
 *fill*         0x2000108d        0x3 
 .bss.udc_ptr_conf
                0x20001090        0x4 src/ASF/common/services/usb/udc/udc.o
 .bss.udc_ptr_iface
                0x20001094        0x4 src/ASF/common/services/usb/udc/udc.o
 .bss.cpu_irq_critical_section_counter
                0x20001098        0x4 src/ASF/common/utils/interrupt/interrupt_sam_nvic.o
 .bss.cpu_irq_prev_interrupt_state
                0x2000109c        0x1 src/ASF/common/utils/interrupt/interrupt_sam_nvic.o
 *fill*         0x2000109d        0x3 
 .bss._system_clock_inst
                0x200010a0       0x18 src/ASF/sam0/drivers/system/clock/clock_samd21_r21_da_ha1/clock.o
 *(COMMON)
 *fill*         0x200010b8        0x8 
 COMMON         0x200010c0       0xb0 src/Analog.o
                0x200010c0                ADC_Offset
                0x200010d0                adc_dma_descriptor
                0x200010e0                dac_instance
                0x20001104                config_tc_event_res
                0x2000110c                RMS_data
                0x20001118                adc_dma_resource
                0x20001134                tc_instance
                0x20001150                adc_instance
 COMMON         0x20001170        0x4 src/ASF/sam0/drivers/adc/adc_sam_d_r_h/adc_callback.o
                0x20001170                _adc_instances
 COMMON         0x20001174        0x4 src/ASF/sam0/drivers/dac/dac_sam_d_c_h/dac_callback.o
                0x20001174                _dac_instances
 *fill*         0x20001178        0x8 
 COMMON         0x20001180       0x50 src/ASF/sam0/drivers/dma/dma.o
                0x20001180                descriptor_section
 COMMON         0x200011d0        0xc src/ASF/sam0/drivers/tcc/tcc_callback.o
                0x200011d0                _tcc_instances
 COMMON         0x200011dc      0x20c src/CAP1203.o
                0x200011dc                isInputEscaped_
                0x200011dd                commandNumber
                0x200011e0                command_
                0x200012e3                nInputData
                0x200012e4                outputData
                0x20001364                isInputCorrect_
                0x20001365                nOutputData
                0x20001368                inputData
 COMMON         0x200013e8        0xc src/LedFlash.o
                0x200013e8                stLED
 COMMON         0x200013f4       0x38 src/Mouth.o
                0x200013f4                Mouth
 COMMON         0x2000142c       0x88 src/serialProtocol.o
                0x2000142c                rx_start
                0x20001430                Serial_RXBuf
                0x200014b0                lRX_bytes
 *fill*         0x200014b4        0xc 
 COMMON         0x200014c0      0x6b0 src/SoundRX.o
                0x200014c0                rx_I2SDescriptor
                0x200014c8                DAC_dma_resource
                0x200014f0                i2s_rx_dma_descriptor
                0x20001500                i2s_RXBuffer
                0x20001900                tc_timing_instance
                0x2000191c                DAC_buffer
                0x20001b20                DAC_dma_descriptor
                0x20001b30                i2s_rx_dma_resource
                0x20001b4c                tc_dac_instance
                0x20001b68                rx_DacDescriptor
 COMMON         0x20001b70      0x840 src/SoundTX.o
                0x20001b70                tx_destDescriptor
                0x20001b78                i2s_tx_dma_resource
                0x20001b94                i2s_tx
                0x200023a0                i2s_tx_dma_descriptor
 COMMON         0x200023b0      0x164 src/user.o
                0x200023b0                rtc_instance
                0x200023c8                usb_rx_data
                0x20002408                servo_com_instance
                0x2000243c                usb_tx_data
                0x2000247c                i2s_instance
                0x200024b8                i2c_master_instance
                0x200024e0                serial_instance
 COMMON         0x20002514       0xcc src/XL320.o
                0x20002514                tx_servo
                0x20002554                StatusPacket
                0x20002560                rx_servo
                0x200025a0                ServoConfig
                0x200025dc                UART_Instance
 COMMON         0x200025e0       0x40 src/ASF/sam0/drivers/extint/extint_sam_d_r_h/extint.o
                0x200025e0                _extint_dev
 COMMON         0x20002620        0x4 src/ASF/sam0/drivers/rtc/rtc_sam_d_r_h/rtc_count.o
                0x20002620                _rtc_instance
 COMMON         0x20002624        0xc src/ASF/sam0/drivers/tc/tc_interrupt.o
                0x20002624                _tc_instances
 COMMON         0x20002630      0x280 src/ASF/sam0/drivers/usb/stack_interface/usb_device_udd.o
                0x20002630                udd_ep_out_cache_buffer
                0x200026f0                usb_device
                0x20002858                udd_g_ctrlreq
                0x20002870                udd_ctrl_buffer
 COMMON         0x200028b0        0x4 src/ASF/sam0/drivers/wdt/wdt_callback.o
                0x200028b0                wdt_early_warning_callback
 COMMON         0x200028b4      0x100 src/ASF/sam0/drivers/usb/usb_sam_d_r/usb.o
                0x200028b4                usb_descriptor_table
 COMMON         0x200029b4       0x18 src/ASF/sam0/drivers/sercom/sercom_interrupt.o
                0x200029b4                _sercom_instances
 COMMON         0x200029cc        0x4 src/ASF/sam0/drivers/i2s/i2s_callback.o
                0x200029cc                _i2s_instances
 COMMON         0x200029d0        0x1 src/ASF/sam0/drivers/extint/extint_callback.o
                0x200029d0                _current_channel
 *fill*         0x200029d1        0x3 
 COMMON         0x200029d4        0x4 src/ASF/sam0/drivers/ac/ac_callback.o
                0x200029d4                _ac_instance
 COMMON         0x200029d8        0x5 src/ASF/common/services/sleepmgr/samd/sleepmgr.o
                0x200029d8                sleepmgr_locks
                0x200029e0                . = ALIGN (0x4)
 *fill*         0x200029dd        0x3 
                0x200029e0                _ebss = .
                0x200029e0                _ezero = .

.stack          0x200029e0     0x2000 load address 0x0000f090
                0x200029e0                . = ALIGN (0x8)
                0x200029e0                _sstack = .
                0x200049e0                . = (. + STACK_SIZE)
 *fill*         0x200029e0     0x2000 
                0x200049e0                . = ALIGN (0x8)
                0x200049e0                _estack = .
                0x200049e0                . = ALIGN (0x4)
                0x200049e0                _end = .
OUTPUT(20150708.001_H1_HeadCtrl.elf elf32-littlearm)

.ARM.attributes
                0x00000000       0x28
 .ARM.attributes
                0x00000000       0x1e c:/program files (x86)/atmel/studio/7.0/toolchain/arm/arm-gnu-toolchain/bin/../lib/gcc/arm-none-eabi/6.3.1/thumb/v6-m/crti.o
 .ARM.attributes
                0x0000001e       0x2c c:/program files (x86)/atmel/studio/7.0/toolchain/arm/arm-gnu-toolchain/bin/../lib/gcc/arm-none-eabi/6.3.1/thumb/v6-m/crtbegin.o
 .ARM.attributes
                0x0000004a       0x2e src/Analog.o
 .ARM.attributes
                0x00000078       0x2e src/ASF/sam0/drivers/ac/ac_sam_d_r_h/ac.o
 .ARM.attributes
                0x000000a6       0x2e src/ASF/sam0/drivers/adc/adc_sam_d_r_h/adc.o
 .ARM.attributes
                0x000000d4       0x2e src/ASF/sam0/drivers/adc/adc_sam_d_r_h/adc_callback.o
 .ARM.attributes
                0x00000102       0x2e src/ASF/sam0/drivers/dac/dac_sam_d_c_h/dac.o
 .ARM.attributes
                0x00000130       0x2e src/ASF/sam0/drivers/dac/dac_sam_d_c_h/dac_callback.o
 .ARM.attributes
                0x0000015e       0x2e src/ASF/sam0/drivers/dma/dma.o
 .ARM.attributes
                0x0000018c       0x2e src/ASF/sam0/drivers/tcc/tcc_callback.o
 .ARM.attributes
                0x000001ba       0x2e src/CAP1203.o
 .ARM.attributes
                0x000001e8       0x2e src/dxl_pro.o
 .ARM.attributes
                0x00000216       0x2e src/LedFlash.o
 .ARM.attributes
                0x00000244       0x2e src/Mouth.o
 .ARM.attributes
                0x00000272       0x2e src/serialProtocol.o
 .ARM.attributes
                0x000002a0       0x2e src/SoundRX.o
 .ARM.attributes
                0x000002ce       0x2e src/SoundTX.o
 .ARM.attributes
                0x000002fc       0x2e src/user.o
 .ARM.attributes
                0x0000032a       0x2e src/XL320.o
 .ARM.attributes
                0x00000358       0x2e src/ASF/sam0/drivers/events/events_sam_d_r_h/events.o
 .ARM.attributes
                0x00000386       0x2e src/ASF/sam0/drivers/extint/extint_sam_d_r_h/extint.o
 .ARM.attributes
                0x000003b4       0x2e src/ASF/sam0/drivers/i2s/i2s.o
 .ARM.attributes
                0x000003e2       0x2e src/ASF/sam0/drivers/rtc/rtc_sam_d_r_h/rtc_count.o
 .ARM.attributes
                0x00000410       0x2e src/ASF/sam0/drivers/rtc/rtc_sam_d_r_h/rtc_count_interrupt.o
 .ARM.attributes
                0x0000043e       0x2e src/ASF/sam0/drivers/sercom/i2c/i2c_sam0/i2c_master.o
 .ARM.attributes
                0x0000046c       0x2e src/ASF/sam0/drivers/sercom/i2c/i2c_sam0/i2c_master_interrupt.o
 .ARM.attributes
                0x0000049a       0x2e src/ASF/sam0/drivers/tc/tc_interrupt.o
 .ARM.attributes
                0x000004c8       0x2e src/ASF/sam0/drivers/tc/tc_sam_d_r_h/tc.o
 .ARM.attributes
                0x000004f6       0x2e src/ASF/sam0/drivers/usb/stack_interface/usb_device_udd.o
 .ARM.attributes
                0x00000524       0x2e src/ASF/sam0/drivers/wdt/wdt_callback.o
 .ARM.attributes
                0x00000552       0x2e src/ASF/sam0/drivers/usb/usb_sam_d_r/usb.o
 .ARM.attributes
                0x00000580       0x2e src/ASF/sam0/drivers/sercom/usart/usart.o
 .ARM.attributes
                0x000005ae       0x2e src/ASF/sam0/drivers/sercom/usart/usart_interrupt.o
 .ARM.attributes
                0x000005dc       0x2e src/ASF/sam0/drivers/sercom/sercom.o
 .ARM.attributes
                0x0000060a       0x2e src/ASF/sam0/drivers/sercom/sercom_interrupt.o
 .ARM.attributes
                0x00000638       0x2e src/ASF/sam0/drivers/i2s/i2s_callback.o
 .ARM.attributes
                0x00000666       0x2e src/ASF/sam0/drivers/extint/extint_callback.o
 .ARM.attributes
                0x00000694       0x2e src/ASF/sam0/drivers/ac/ac_callback.o
 .ARM.attributes
                0x000006c2       0x2e src/ASF/common/services/sleepmgr/samd/sleepmgr.o
 .ARM.attributes
                0x000006f0       0x2e src/ASF/common/services/usb/class/cdc/device/udi_cdc.o
 .ARM.attributes
                0x0000071e       0x2e src/ASF/common/services/usb/udc/udc.o
 .ARM.attributes
                0x0000074c       0x2e src/ASF/common/services/usb/class/cdc/device/udi_cdc_desc.o
 .ARM.attributes
                0x0000077a       0x2e src/ASF/common2/boards/user_board/init.o
 .ARM.attributes
                0x000007a8       0x2e src/ASF/common/utils/interrupt/interrupt_sam_nvic.o
 .ARM.attributes
                0x000007d6       0x2e src/ASF/sam0/drivers/system/clock/clock_samd21_r21_da_ha1/clock.o
 .ARM.attributes
                0x00000804       0x2e src/ASF/sam0/drivers/system/clock/clock_samd21_r21_da_ha1/gclk.o
 .ARM.attributes
                0x00000832       0x2e src/ASF/sam0/drivers/system/pinmux/pinmux.o
 .ARM.attributes
                0x00000860       0x2e src/ASF/sam0/drivers/system/system.o
 .ARM.attributes
                0x0000088e       0x2e src/ASF/sam0/utils/cmsis/samd21/source/gcc/startup_samd21.o
 .ARM.attributes
                0x000008bc       0x2e src/main.o
 .ARM.attributes
                0x000008ea       0x2c c:/program files (x86)/atmel/studio/7.0/toolchain/arm/arm-gnu-toolchain/bin/../lib/gcc/arm-none-eabi/6.3.1/../../../../arm-none-eabi/lib/thumb/v6-m\libm.a(lib_a-wf_sqrt.o)
 .ARM.attributes
                0x00000916       0x2c c:/program files (x86)/atmel/studio/7.0/toolchain/arm/arm-gnu-toolchain/bin/../lib/gcc/arm-none-eabi/6.3.1/../../../../arm-none-eabi/lib/thumb/v6-m\libm.a(lib_a-ef_sqrt.o)
 .ARM.attributes
                0x00000942       0x2c c:/program files (x86)/atmel/studio/7.0/toolchain/arm/arm-gnu-toolchain/bin/../lib/gcc/arm-none-eabi/6.3.1/../../../../arm-none-eabi/lib/thumb/v6-m\libm.a(lib_a-s_lib_ver.o)
 .ARM.attributes
                0x0000096e       0x2c c:/program files (x86)/atmel/studio/7.0/toolchain/arm/arm-gnu-toolchain/bin/../lib/gcc/arm-none-eabi/6.3.1/../../../../arm-none-eabi/lib/thumb/v6-m\libm.a(lib_a-s_matherr.o)
 .ARM.attributes
                0x0000099a       0x1e c:/program files (x86)/atmel/studio/7.0/toolchain/arm/arm-gnu-toolchain/bin/../lib/gcc/arm-none-eabi/6.3.1/thumb/v6-m\libgcc.a(_udivsi3.o)
 .ARM.attributes